JUnit version 4.13.1
.
========================================
RESUMABLE INDEXING PERFORMANCE TEST
========================================
NodeStore:   DOCUMENT
Node Count:  20000
Batch Size:  100
Chunk Size:  0 (nodes per run)
========================================


--- Phase 1: Initial Index Creation ---
Running async indexer to complete initial index (reindex=true -> false)...
[DEBUG-MODE] Indexing mode: RESUME, resumeEnabled=true, chunkSize=0, chunkTimeMs=40000, isInitialIndex=true, chunkedMode=false
[DEBUG-PATHTREE-TRAVERSAL] Using standard EditorDiff mode
[DEBUG-TIMING] RESUME Diff time: 107ms
[DEBUG-SKIP] skipFull=0, skipIndexed=0, processed=302
[DEBUG-PATHTREE-TRAVERSAL] pathTreeTraversals=0, segmentStoreTraversals=0, pathTreeChildLookups=0, segmentStoreChildLookups=0, skippedGetChildCalls=0
[DEBUG-PATHTREE-TIMING] segmentStoreReadTime=0.00ms, pathTreeLookupTime=0.00ms, editorCallbackTime=0.00ms
[DEBUG-PATHTREE-TIMING] SegmentStore I/O time: 0ms (this is the expensive part!)
[DEBUG-MODE] Indexing complete, mode: RESUME
[DEBUG-TIMING] RESUME Lucene flush time: 1ms
[DEBUG-TIMING] RESUME NodeStore merge time: 9ms
[DEBUG-TIMING] RESUME COMMIT SUMMARY: flush=1ms, merge=9ms, TOTAL=10ms
  Run #1: reindex=false, exists=true, checkpoint=r19b412a16c2-0-1
  Initial index complete after 1 run(s)
  Checkpoint after initial index: r19b412a16c2-0-1

--- Phase 2: Creating Content ---
Creating 20000 nodes with 1000 approved nodes (every 20th node for even distribution)
  Created 1000/20000 assets (50 approved so far)
  Created 2000/20000 assets (100 approved so far)
  Created 3000/20000 assets (150 approved so far)
  Created 4000/20000 assets (200 approved so far)
  Created 5000/20000 assets (250 approved so far)
  Created 6000/20000 assets (300 approved so far)
  Created 7000/20000 assets (350 approved so far)
  Created 8000/20000 assets (400 approved so far)
  Created 9000/20000 assets (450 approved so far)
  Created 10000/20000 assets (500 approved so far)
  Created 11000/20000 assets (550 approved so far)
  Created 12000/20000 assets (600 approved so far)
  Created 13000/20000 assets (650 approved so far)
  Created 14000/20000 assets (700 approved so far)
  Created 15000/20000 assets (750 approved so far)
  Created 16000/20000 assets (800 approved so far)
  Created 17000/20000 assets (850 approved so far)
  Created 18000/20000 assets (900 approved so far)
  Created 19000/20000 assets (950 approved so far)
  Created 20000/20000 assets (1000 approved so far)
Created 20000 dam:Asset nodes (1000 with status=approved, spread evenly)
Content creation: 30459 ms (656.6 nodes/sec)

--- Phase 3: Indexing New Content ---
oak.async.chunkSize: 0

*** RESUMABLE INDEXING MODE ***
Each run() processes one chunk, saves progress, and completes
Next run() resumes from saved position
Index becomes searchable after each run() completes

[DEBUG-MODE] Indexing mode: RESUME, resumeEnabled=true, chunkSize=0, chunkTimeMs=40000, isInitialIndex=false, chunkedMode=true
[DEBUG-CHUNK] Chunk mode enabled - updateLimit=0, timeLimit=40000
[DEBUG-PATHTREE-TRAVERSAL] Using standard EditorDiff mode
ERROR StatusLogger Log4j2 could not find a logging implementation. Please add log4j-core to the classpath. Using SimpleLogger to log to the console...
[DEBUG-INDEX] Fully processed 1000 nodes, current path: /content/dam/asset-10295
[DEBUG-INDEX] Fully processed 2000 nodes, current path: /content/dam/asset-10596/jcr:content/metadata
[DEBUG-INDEX] Fully processed 3000 nodes, current path: /content/dam/asset-10896/jcr:content
[DEBUG-INDEX] Fully processed 4000 nodes, current path: /content/dam/asset-11195
[DEBUG-INDEX] Fully processed 5000 nodes, current path: /content/dam/asset-11496/jcr:content/metadata
[DEBUG-INDEX] Fully processed 6000 nodes, current path: /content/dam/asset-11796/jcr:content
[DEBUG-INDEX] Fully processed 7000 nodes, current path: /content/dam/asset-12095
[DEBUG-INDEX] Fully processed 8000 nodes, current path: /content/dam/asset-12396/jcr:content/metadata
[DEBUG-INDEX] Fully processed 9000 nodes, current path: /content/dam/asset-12696/jcr:content
[DEBUG-INDEX] Fully processed 10000 nodes, current path: /content/dam/asset-12996
[DEBUG-INDEX] Fully processed 11000 nodes, current path: /content/dam/asset-13296/jcr:content/metadata
[DEBUG-INDEX] Fully processed 12000 nodes, current path: /content/dam/asset-13596/jcr:content
[DEBUG-INDEX] Fully processed 13000 nodes, current path: /content/dam/asset-13896
[DEBUG-INDEX] Fully processed 14000 nodes, current path: /content/dam/asset-14196/jcr:content/metadata
[DEBUG-INDEX] Fully processed 15000 nodes, current path: /content/dam/asset-14496/jcr:content
[DEBUG-INDEX] Fully processed 16000 nodes, current path: /content/dam/asset-14796
[DEBUG-INDEX] Fully processed 17000 nodes, current path: /content/dam/asset-15096/jcr:content/metadata
[DEBUG-INDEX] Fully processed 18000 nodes, current path: /content/dam/asset-15396/jcr:content
[DEBUG-INDEX] Fully processed 19000 nodes, current path: /content/dam/asset-15696
[DEBUG-INDEX] Fully processed 20000 nodes, current path: /content/dam/asset-15997/jcr:content/metadata
[DEBUG-INDEX] Fully processed 21000 nodes, current path: /content/dam/asset-16296/jcr:content
[DEBUG-INDEX] Fully processed 22000 nodes, current path: /content/dam/asset-16596
[DEBUG-INDEX] Fully processed 23000 nodes, current path: /content/dam/asset-16897/jcr:content/metadata
[DEBUG-INDEX] Fully processed 24000 nodes, current path: /content/dam/asset-17196/jcr:content
[DEBUG-INDEX] Fully processed 25000 nodes, current path: /content/dam/asset-17496
[DEBUG-INDEX] Fully processed 26000 nodes, current path: /content/dam/asset-17797/jcr:content/metadata
[DEBUG-INDEX] Fully processed 27000 nodes, current path: /content/dam/asset-18096/jcr:content
[DEBUG-CHUNK] TIME limit reached: 40002ms at /content/dam/asset-18135
[DEBUG-TIMING] RESUME Diff time: 40002ms
[DEBUG-SKIP] skipFull=0, skipIndexed=0, processed=27134
[DEBUG-PATHTREE-TRAVERSAL] pathTreeTraversals=0, segmentStoreTraversals=0, pathTreeChildLookups=0, segmentStoreChildLookups=0, skippedGetChildCalls=0
[DEBUG-PATHTREE-TIMING] segmentStoreReadTime=0.00ms, pathTreeLookupTime=0.00ms, editorCallbackTime=0.00ms
[DEBUG-PATHTREE-TIMING] SegmentStore I/O time: 0ms (this is the expensive part!)
[DEBUG-TIMING] Lucene flush time: 186ms
[DEBUG-TIMING] NodeStore merge time: 12ms
[DEBUG-PATHTREE-FRONTIER] Serialized 9045 paths (frontier=9043, inProgress=2) vs 27132 total nodes (savings: 67%)
[DEBUG-PATHTREE] Serialize time: 6ms (format: SLIM), total: 27132, fullyProcessed: 27130, unprocessed: 2
[DEBUG-PATHTREE-SIZE] Full: ~1356600 bytes, SLIM: ~160 bytes (potential savings: 100%)
[DEBUG-PATHTREE] Saved PathTree to pathtree_chunk_1766324907370.json (total=27132, unprocessed=2)
[DEBUG-TIMING] Resume state save time: 33ms
[DEBUG-TIMING] CHUNK COMMIT SUMMARY: flush=186ms, merge=12ms, saveState=33ms, TOTAL=231ms
  Cycle #1 completed in 40600 ms (traversal: 40006 ms, nodes: 27134)
    checkpoint=r19b412a16c2-0-1, hasData=true, dataFiles=5
    → Resume state detected: /content/dam/asset-18135
    → Chunk limit reached - run completed and saved progress
    → Next run will resume from this position
    → Testing searchability after run completion...
CHUNK_RESULT: cycle=1, results=454, time=79, nodes=27134, traversed=27134, skipped=0, path=/content/dam/asset-18135
CHUNK_METRICS: cycle=1, nodes=27134, heap=706MB, nonHeap=92MB, gc=51, gcTime=524ms, cpu=54693ms, segStore=0MB
[DEBUG-MODE] Indexing mode: RESUME, resumeEnabled=true, chunkSize=0, chunkTimeMs=40000, isInitialIndex=false, chunkedMode=true
[DEBUG-CHUNK] Chunk mode enabled - updateLimit=0, timeLimit=40000
[DEBUG-PATHTREE-FRONTIER] Loaded 9045 paths (frontier=9043, inProgress=2)
[DEBUG-PATHTREE] Load time: 9ms, format: SLIM, nodes: 36177, indexed: 27130, fullyProcessed: 9043, unprocessed: 2, estimated size: 160 bytes
[DEBUG-RESUME] Starting resume from path: /content/dam/asset-18135, PathTree has 27130 indexed nodes
[DEBUG-PATHTREE-TRAVERSAL] Using PathTree traversal mode
[DEBUG-PATHTREE-TRAVERSAL] PathTree stats: TraversalStats{total=9045, fullyProcessed=9043, notFullyProcessed=2, enterOnly=2}
[DEBUG-INDEX] Fully processed 10000 nodes, current path: /content/dam/asset-18421
[DEBUG-INDEX] Fully processed 11000 nodes, current path: /content/dam/asset-18722/jcr:content/metadata
[DEBUG-INDEX] Fully processed 12000 nodes, current path: /content/dam/asset-19021/jcr:content
[DEBUG-INDEX] Fully processed 13000 nodes, current path: /content/dam/asset-19321
[DEBUG-INDEX] Fully processed 14000 nodes, current path: /content/dam/asset-19622/jcr:content/metadata
[DEBUG-INDEX] Fully processed 15000 nodes, current path: /content/dam/asset-19922/jcr:content
[DEBUG-INDEX] Fully processed 16000 nodes, current path: /content/dam/asset-2221
[DEBUG-INDEX] Fully processed 17000 nodes, current path: /content/dam/asset-2522/jcr:content/metadata
[DEBUG-INDEX] Fully processed 18000 nodes, current path: /content/dam/asset-2822/jcr:content
[DEBUG-INDEX] Fully processed 19000 nodes, current path: /content/dam/asset-3121
[DEBUG-INDEX] Fully processed 20000 nodes, current path: /content/dam/asset-3422/jcr:content/metadata
[DEBUG-INDEX] Fully processed 21000 nodes, current path: /content/dam/asset-3722/jcr:content
[DEBUG-INDEX] Fully processed 22000 nodes, current path: /content/dam/asset-4021
[DEBUG-INDEX] Fully processed 23000 nodes, current path: /content/dam/asset-4322/jcr:content/metadata
[DEBUG-INDEX] Fully processed 24000 nodes, current path: /content/dam/asset-4622/jcr:content
[DEBUG-INDEX] Fully processed 25000 nodes, current path: /content/dam/asset-4922
[DEBUG-INDEX] Fully processed 26000 nodes, current path: /content/dam/asset-5222/jcr:content/metadata
[DEBUG-INDEX] Fully processed 27000 nodes, current path: /content/dam/asset-5522/jcr:content
[DEBUG-INDEX] Fully processed 28000 nodes, current path: /content/dam/asset-5822
[DEBUG-INDEX] Fully processed 29000 nodes, current path: /content/dam/asset-6122/jcr:content/metadata
[DEBUG-INDEX] Fully processed 30000 nodes, current path: /content/dam/asset-6422/jcr:content
[DEBUG-INDEX] Fully processed 31000 nodes, current path: /content/dam/asset-6722
[DEBUG-INDEX] Fully processed 32000 nodes, current path: /content/dam/asset-7022/jcr:content/metadata
[DEBUG-INDEX] Fully processed 33000 nodes, current path: /content/dam/asset-7322/jcr:content
[DEBUG-CHUNK] TIME limit reached: 40003ms at /content/dam/asset-7368
[DEBUG-TIMING] RESUME Diff time: 39992ms
[DEBUG-SKIP] skipFull=0, skipIndexed=2, processed=24109
[DEBUG-PATHTREE-TRAVERSAL] pathTreeTraversals=9042, segmentStoreTraversals=24109, pathTreeChildLookups=0, segmentStoreChildLookups=24108, skippedGetChildCalls=18084
[DEBUG-PATHTREE-TIMING] segmentStoreReadTime=14.44ms, pathTreeLookupTime=55.33ms, editorCallbackTime=26476.57ms
[DEBUG-PATHTREE-TIMING] SegmentStore I/O time: 14ms (this is the expensive part!)
[DEBUG-RESUME] Total diff time: 39992ms, time to resume path: 0ms, indexing time after resume: 39992ms
[DEBUG-TIMING] Lucene flush time: 89ms
[DEBUG-TIMING] NodeStore merge time: 14ms
[DEBUG-PATHTREE-FRONTIER] Serialized 17080 paths (frontier=17078, inProgress=2) vs 60282 total nodes (savings: 72%)
[DEBUG-PATHTREE] Serialize time: 11ms (format: SLIM), total: 60282, fullyProcessed: 33148, unprocessed: 2
[DEBUG-PATHTREE-SIZE] Full: ~3014100 bytes, SLIM: ~160 bytes (potential savings: 100%)
[DEBUG-PATHTREE] Saved PathTree to pathtree_chunk_1766324948143.json (total=60282, unprocessed=2)
[DEBUG-TIMING] Resume state save time: 46ms
[DEBUG-TIMING] CHUNK COMMIT SUMMARY: flush=89ms, merge=14ms, saveState=46ms, TOTAL=149ms
  Cycle #2 completed in 40454 ms (traversal: 40004 ms, nodes: 24109)
    checkpoint=r19b412a16c2-0-1, hasData=true, dataFiles=8
    → Resume state detected: /content/dam/asset-7368
    → Chunk limit reached - run completed and saved progress
    → Next run will resume from this position
    → Testing searchability after run completion...
CHUNK_RESULT: cycle=2, results=855, time=15, nodes=24109, traversed=24109, skipped=0, path=/content/dam/asset-7368
CHUNK_METRICS: cycle=2, nodes=24109, heap=441MB, nonHeap=93MB, gc=101, gcTime=953ms, cpu=85007ms, segStore=0MB
[DEBUG-MODE] Indexing mode: RESUME, resumeEnabled=true, chunkSize=0, chunkTimeMs=40000, isInitialIndex=false, chunkedMode=true
[DEBUG-CHUNK] Chunk mode enabled - updateLimit=0, timeLimit=40000
[DEBUG-PATHTREE-FRONTIER] Loaded 17080 paths (frontier=17078, inProgress=2)
[DEBUG-PATHTREE] Load time: 9ms, format: SLIM, nodes: 77362, indexed: 51235, fullyProcessed: 17078, unprocessed: 2, estimated size: 160 bytes
[DEBUG-RESUME] Starting resume from path: /content/dam/asset-7368, PathTree has 51235 indexed nodes
[DEBUG-PATHTREE-TRAVERSAL] Using PathTree traversal mode
[DEBUG-PATHTREE-TRAVERSAL] PathTree stats: TraversalStats{total=17080, fullyProcessed=17078, notFullyProcessed=2, enterOnly=2}
[DEBUG-INDEX] Fully processed 18000 nodes, current path: /content/dam/asset-7644/jcr:content/metadata
[DEBUG-INDEX] Fully processed 19000 nodes, current path: /content/dam/asset-7944/jcr:content
[DEBUG-INDEX] Fully processed 20000 nodes, current path: /content/dam/asset-8243
[DEBUG-INDEX] Fully processed 21000 nodes, current path: /content/dam/asset-8544/jcr:content/metadata
[DEBUG-INDEX] Fully processed 22000 nodes, current path: /content/dam/asset-8844/jcr:content
[DEBUG-INDEX] Fully processed 23000 nodes, current path: /content/dam/asset-9143
[DEBUG-INDEX] Fully processed 24000 nodes, current path: /content/dam/asset-9444/jcr:content/metadata
[DEBUG-INDEX] Fully processed 25000 nodes, current path: /content/dam/asset-9744/jcr:content
[DEBUG-INDEX] Fully processed 26000 nodes, current path: /jcr:system/jcr:nodeTypes/rep:AccessControllable
[DEBUG-TIMING] RESUME Diff time: 16872ms
[DEBUG-SKIP] skipFull=0, skipIndexed=2, processed=9057
[DEBUG-PATHTREE-TRAVERSAL] pathTreeTraversals=17078, segmentStoreTraversals=9057, pathTreeChildLookups=0, segmentStoreChildLookups=9057, skippedGetChildCalls=34156
[DEBUG-PATHTREE-TIMING] segmentStoreReadTime=8.38ms, pathTreeLookupTime=32.87ms, editorCallbackTime=11367.03ms
[DEBUG-PATHTREE-TIMING] SegmentStore I/O time: 8ms (this is the expensive part!)
[DEBUG-RESUME] Total diff time: 16872ms, time to resume path: 0ms, indexing time after resume: 16872ms
[DEBUG-MODE] Indexing complete, mode: RESUME
[DEBUG-TIMING] RESUME Lucene flush time: 0ms
[DEBUG-TIMING] RESUME NodeStore merge time: 16ms
[DEBUG-TIMING] RESUME COMMIT SUMMARY: flush=0ms, merge=16ms, TOTAL=16ms
  Cycle #3 completed in 17206 ms (traversal: 16883 ms, nodes: 9057)
    checkpoint=r19b412a904d-0-1, hasData=true, dataFiles=11
  → No resume state - indexing complete!


Indexing complete:
  Total time: 98810 ms
  Total cycles: 3

  Per-Cycle Timing Breakdown:
    Cycle | Total(ms) |  Trav(ms) |    OH(ms) | Resume(ms) | ResOH(ms) | Path                                    
    ------|-----------|-----------|-----------|-----------|-----------|------------------------------------------
    1     |     40600 |     40006 |       594 |          - |     40002 | /content/dam/asset-18135                
    2     |     40454 |     40004 |       450 |          - |     39992 | /content/dam/asset-7368                 
    3     |     17206 |     16883 |       323 |          - |     16872 | N/A                                     
    ------|-----------|-----------|-----------|-----------|-----------|------------------------------------------
    TOTAL |     98260 |     96893 |      1367 |         0 |      1.4% | Overhead %

  Timing Breakdown Explanation:
    Total(ms)    - Wall clock time for each run
    Trav(ms)     - Diff traversal time (tree walk + ALL editors including ResumingEditor)
    OH(ms)       - Overhead beyond traversal (checkpointing, index writes, etc.)
    Resume(ms)   - Time ResumingEditor took to REACH resume point (0 if not resuming)
    ResOH(ms)    - ResumingEditor overhead after reaching target (0 if not resuming)
    Path         - Resume path or progress commit path

  ===========================================
  DETAILED METRICS ANALYSIS
  ===========================================

  GC Analysis:
    Total GC Time: 994 ms
    Total GC Count: 111 collections
    GC Overhead: 1.01% of total time
    Average GC Pause: 9.0 ms

  Memory Analysis:
    Memory Delta: 1240 MB (peak - start)
    Start Heap: 91 MB
    Peak Heap: 1331 MB
    End Heap: 597 MB
    Memory Efficiency: 65037.9 bytes/node
    Max Heap Available: 1024 MB

  Memory Pools:
    G1 Eden Space       :   157 MB /     0 MB
    G1 Old Gen          :   420 MB /  1024 MB
    G1 Survivor Space   :    18 MB /     0 MB

  CPU Analysis:
    Total CPU Time: 75.22 s
    CPU Utilization: 76.1% of wall time
    CPU Efficiency: 266 nodes/cpu-second
    Peak Threads: 19

  Disk Analysis:
    SegmentStore Size: 0 MB
    Lucene Index Size: 0 MB
    Total Disk Usage: 0 MB

  Per-Chunk Metrics Summary:
    Heap Growth: 706 MB → 441 MB
    SegmentStore Growth: 0 MB → 0 MB
    Average GC per chunk: 76.0 collections

  DEBUG Index State:
    Exists: true
    Has :data: true
    async: async
    reindex: false
    reindexCount: 1
    Content/dam children: 9223372036854775807
    :async exists: true
    :async checkpoint: r19b412a904d-0-1

--- Phase 4: Verification ---
  Index has :data: true
  Running query verification (with traversal fail)...
    Actual count from index: 1000
    Query result count (capped at 1000): 1000

--- Data Completeness Verification ---
  Using keyset pagination with CONTAINS queries to count indexed nodes...
  Note: CONTAINS queries use fulltext index and avoid traversal limits

  [1/3] Counting approved nodes...
  Using keyset pagination (10K page size) to count all nodes...
  Pagination complete: 1000 total nodes found

  [2/3] Counting draft nodes...
  Using keyset pagination (10K page size) to count all nodes...
    Page complete: 10000 nodes so far, continuing from /content/dam/asset-19472...
  Pagination complete: 19000 total nodes found

  [3/3] Verifying arithmetic...

✅ Data Completeness Verification PASSED:
  ✓ All 20000 nodes were indexed (verified via approved + draft counts)
  ✓ Approved nodes: 1000 (expected: 1000)
  ✓ Draft nodes: 19000 (expected: 19000)
  ✓ Total indexed: 20000 nodes
  ✓ Arithmetic check: 1000 + 19000 = 20000
  ✓ Index is complete and searchable
  ✓ Used CONTAINS queries to ensure fulltext index usage (avoids traversal limits)

--- Performance Results ---
Total Time: 98810 ms
Content Creation: 30459 ms
Throughput: 202.41 nodes/sec
Memory Delta: 518118 KB
Max Heap Used: 1569 MB
Max Non-Heap Used: 97 MB
Peak Threads: 19
Process CPU Time: 75220423000 ms
Direct Buffer Memory: 8 KB
Disk Usage: 0 KB
Main Index Size: 0 KB
GC Count: 111
GC Time: 994 ms
Run Count: 3
Diff Time: 16883 ms
Query Time: 49 ms
Node Count: 20000
Query Approved (index): 1000

=== PER-RUN TIMING (machine-parseable) ===
Run 1 Time: 40600
Run 1 Traversal: 40006
Run 1 Resume Path: /content/dam/asset-18135
Run 2 Time: 40454
Run 2 Traversal: 40004
Run 2 Resume Path: /content/dam/asset-7368
Run 3 Time: 17206
Run 3 Traversal: 16883

=== INCREMENTAL SEARCHABILITY (machine-parseable) ===
Chunk 1 Query Results: 454
Chunk 1 Query Time: 79
Chunk 2 Query Results: 855
Chunk 2 Query Time: 15


--- Script Parseable Output ---
Total Time: 98810 ms
Throughput: 202.4
Memory Delta: 518118 KB
Max Heap Used: 1569 MB
Max Non-Heap Used: 97 MB
Peak Threads: 19
Process CPU Time: 75220423000 ms
Direct Buffer Memory: 8 KB
Disk Usage: 0 KB
GC Count: 111
GC Time: 994 ms
Run Count: 3
Diff Time: 16883 ms
Main Index Size: 0 KB
Query Time: 49 ms
Query Approved: 1000

--- Per-Run Timing Details ---
Run 1 Time: 40600 ms
Run 2 Time: 40454 ms
Run 3 Time: 17206 ms
Run 1 Traversal: 40006 ms
Run 2 Traversal: 40004 ms
Run 3 Traversal: 16883 ms
Run 1 Resume Path: /content/dam/asset-18135
Run 2 Resume Path: /content/dam/asset-7368

--- Incremental Searchability Verification ---
INCREMENTAL_SUMMARY: maxResults=855, totalChunks=2, chunksWithResults=2
Chunk 1: 454 results (45.4% of total) in 79 ms
Chunk 2: 855 results (85.5% of total) in 15 ms

Max results seen in incremental queries: 855
✓ SUCCESS: Index showed incremental searchability!

Time: 135.562

OK (1 test)

