JUnit version 4.13.1
.
========================================
RESUMABLE INDEXING PERFORMANCE TEST
========================================
NodeStore:   DOCUMENT
Node Count:  20000
Batch Size:  100
Chunk Size:  0 (nodes per run)
========================================


--- Phase 1: Initial Index Creation ---
Running async indexer to complete initial index (reindex=true -> false)...
[DEBUG-MODE] Indexing mode: RESUME, resumeEnabled=true, chunkSize=0, chunkTimeMs=60000, isInitialIndex=true, chunkedMode=false
[DEBUG-PATHTREE-TRAVERSAL] Using standard EditorDiff mode
[DEBUG-TIMING] RESUME Diff time: 112ms
[DEBUG-SKIP] skipFull=0, skipIndexed=0, processed=302
[DEBUG-PATHTREE-TRAVERSAL] pathTreeTraversals=0, segmentStoreTraversals=0, pathTreeChildLookups=0, segmentStoreChildLookups=0, skippedGetChildCalls=0
[DEBUG-PATHTREE-TIMING] segmentStoreReadTime=0.00ms, pathTreeLookupTime=0.00ms, editorCallbackTime=0.00ms
[DEBUG-PATHTREE-TIMING] SegmentStore I/O time: 0ms (this is the expensive part!)
[DEBUG-MODE] Indexing complete, mode: RESUME
[DEBUG-TIMING] RESUME Lucene flush time: 0ms
[DEBUG-TIMING] RESUME NodeStore merge time: 11ms
[DEBUG-TIMING] RESUME COMMIT SUMMARY: flush=0ms, merge=11ms, TOTAL=11ms
  Run #1: reindex=false, exists=true, checkpoint=r19b412e4439-0-1
  Initial index complete after 1 run(s)
  Checkpoint after initial index: r19b412e4439-0-1

--- Phase 2: Creating Content ---
Creating 20000 nodes with 1000 approved nodes (every 20th node for even distribution)
  Created 1000/20000 assets (50 approved so far)
  Created 2000/20000 assets (100 approved so far)
  Created 3000/20000 assets (150 approved so far)
  Created 4000/20000 assets (200 approved so far)
  Created 5000/20000 assets (250 approved so far)
  Created 6000/20000 assets (300 approved so far)
  Created 7000/20000 assets (350 approved so far)
  Created 8000/20000 assets (400 approved so far)
  Created 9000/20000 assets (450 approved so far)
  Created 10000/20000 assets (500 approved so far)
  Created 11000/20000 assets (550 approved so far)
  Created 12000/20000 assets (600 approved so far)
  Created 13000/20000 assets (650 approved so far)
  Created 14000/20000 assets (700 approved so far)
  Created 15000/20000 assets (750 approved so far)
  Created 16000/20000 assets (800 approved so far)
  Created 17000/20000 assets (850 approved so far)
  Created 18000/20000 assets (900 approved so far)
  Created 19000/20000 assets (950 approved so far)
  Created 20000/20000 assets (1000 approved so far)
Created 20000 dam:Asset nodes (1000 with status=approved, spread evenly)
Content creation: 30611 ms (653.4 nodes/sec)

--- Phase 3: Indexing New Content ---
oak.async.chunkSize: 0

*** RESUMABLE INDEXING MODE ***
Each run() processes one chunk, saves progress, and completes
Next run() resumes from saved position
Index becomes searchable after each run() completes

[DEBUG-MODE] Indexing mode: RESUME, resumeEnabled=true, chunkSize=0, chunkTimeMs=60000, isInitialIndex=false, chunkedMode=true
[DEBUG-CHUNK] Chunk mode enabled - updateLimit=0, timeLimit=60000
[DEBUG-PATHTREE-TRAVERSAL] Using standard EditorDiff mode
ERROR StatusLogger Log4j2 could not find a logging implementation. Please add log4j-core to the classpath. Using SimpleLogger to log to the console...
[DEBUG-INDEX] Fully processed 1000 nodes, current path: /content/dam/asset-10295
[DEBUG-INDEX] Fully processed 2000 nodes, current path: /content/dam/asset-10596/jcr:content/metadata
[DEBUG-INDEX] Fully processed 3000 nodes, current path: /content/dam/asset-10896/jcr:content
[DEBUG-INDEX] Fully processed 4000 nodes, current path: /content/dam/asset-11195
[DEBUG-INDEX] Fully processed 5000 nodes, current path: /content/dam/asset-11496/jcr:content/metadata
[DEBUG-INDEX] Fully processed 6000 nodes, current path: /content/dam/asset-11796/jcr:content
[DEBUG-INDEX] Fully processed 7000 nodes, current path: /content/dam/asset-12095
[DEBUG-INDEX] Fully processed 8000 nodes, current path: /content/dam/asset-12396/jcr:content/metadata
[DEBUG-INDEX] Fully processed 9000 nodes, current path: /content/dam/asset-12696/jcr:content
[DEBUG-INDEX] Fully processed 10000 nodes, current path: /content/dam/asset-12996
[DEBUG-INDEX] Fully processed 11000 nodes, current path: /content/dam/asset-13296/jcr:content/metadata
[DEBUG-INDEX] Fully processed 12000 nodes, current path: /content/dam/asset-13596/jcr:content
[DEBUG-INDEX] Fully processed 13000 nodes, current path: /content/dam/asset-13896
[DEBUG-INDEX] Fully processed 14000 nodes, current path: /content/dam/asset-14196/jcr:content/metadata
[DEBUG-INDEX] Fully processed 15000 nodes, current path: /content/dam/asset-14496/jcr:content
[DEBUG-INDEX] Fully processed 16000 nodes, current path: /content/dam/asset-14796
[DEBUG-INDEX] Fully processed 17000 nodes, current path: /content/dam/asset-15096/jcr:content/metadata
[DEBUG-INDEX] Fully processed 18000 nodes, current path: /content/dam/asset-15396/jcr:content
[DEBUG-INDEX] Fully processed 19000 nodes, current path: /content/dam/asset-15696
[DEBUG-INDEX] Fully processed 20000 nodes, current path: /content/dam/asset-15997/jcr:content/metadata
[DEBUG-INDEX] Fully processed 21000 nodes, current path: /content/dam/asset-16296/jcr:content
[DEBUG-INDEX] Fully processed 22000 nodes, current path: /content/dam/asset-16596
[DEBUG-INDEX] Fully processed 23000 nodes, current path: /content/dam/asset-16897/jcr:content/metadata
[DEBUG-INDEX] Fully processed 24000 nodes, current path: /content/dam/asset-17196/jcr:content
[DEBUG-INDEX] Fully processed 25000 nodes, current path: /content/dam/asset-17496
[DEBUG-INDEX] Fully processed 26000 nodes, current path: /content/dam/asset-17797/jcr:content/metadata
[DEBUG-INDEX] Fully processed 27000 nodes, current path: /content/dam/asset-18096/jcr:content
[DEBUG-INDEX] Fully processed 28000 nodes, current path: /content/dam/asset-18396
[DEBUG-INDEX] Fully processed 29000 nodes, current path: /content/dam/asset-18697/jcr:content/metadata
[DEBUG-INDEX] Fully processed 30000 nodes, current path: /content/dam/asset-18997/jcr:content
[DEBUG-INDEX] Fully processed 31000 nodes, current path: /content/dam/asset-19296
[DEBUG-INDEX] Fully processed 32000 nodes, current path: /content/dam/asset-19597/jcr:content/metadata
[DEBUG-INDEX] Fully processed 33000 nodes, current path: /content/dam/asset-19897/jcr:content
[DEBUG-INDEX] Fully processed 34000 nodes, current path: /content/dam/asset-2196
[DEBUG-INDEX] Fully processed 35000 nodes, current path: /content/dam/asset-2497/jcr:content/metadata
[DEBUG-INDEX] Fully processed 36000 nodes, current path: /content/dam/asset-2797/jcr:content
[DEBUG-CHUNK] TIME limit reached: 60001ms at /content/dam/asset-3037
[DEBUG-TIMING] RESUME Diff time: 60001ms
[DEBUG-SKIP] skipFull=0, skipIndexed=0, processed=36806
[DEBUG-PATHTREE-TRAVERSAL] pathTreeTraversals=0, segmentStoreTraversals=0, pathTreeChildLookups=0, segmentStoreChildLookups=0, skippedGetChildCalls=0
[DEBUG-PATHTREE-TIMING] segmentStoreReadTime=0.00ms, pathTreeLookupTime=0.00ms, editorCallbackTime=0.00ms
[DEBUG-PATHTREE-TIMING] SegmentStore I/O time: 0ms (this is the expensive part!)
[DEBUG-TIMING] Lucene flush time: 182ms
[DEBUG-TIMING] NodeStore merge time: 16ms
[DEBUG-PATHTREE-FRONTIER] Serialized 12269 paths (frontier=12267, inProgress=2) vs 36804 total nodes (savings: 67%)
[DEBUG-PATHTREE] Serialize time: 7ms (format: SLIM), total: 36804, fullyProcessed: 36802, unprocessed: 2
[DEBUG-PATHTREE-SIZE] Full: ~1840200 bytes, SLIM: ~160 bytes (potential savings: 100%)
[DEBUG-PATHTREE] Saved PathTree to pathtree_chunk_1766325201359.json (total=36804, unprocessed=2)
[DEBUG-TIMING] Resume state save time: 46ms
[DEBUG-TIMING] CHUNK COMMIT SUMMARY: flush=182ms, merge=16ms, saveState=46ms, TOTAL=244ms
  Cycle #1 completed in 60651 ms (traversal: 60005 ms, nodes: 36806)
    checkpoint=r19b412e4439-0-1, hasData=true, dataFiles=5
    → Resume state detected: /content/dam/asset-3037
    → Chunk limit reached - run completed and saved progress
    → Next run will resume from this position
    → Testing searchability after run completion...
CHUNK_RESULT: cycle=1, results=615, time=87, nodes=36806, traversed=36806, skipped=0, path=/content/dam/asset-3037
CHUNK_METRICS: cycle=1, nodes=36806, heap=578MB, nonHeap=93MB, gc=80, gcTime=680ms, cpu=68576ms, segStore=0MB
[DEBUG-MODE] Indexing mode: RESUME, resumeEnabled=true, chunkSize=0, chunkTimeMs=60000, isInitialIndex=false, chunkedMode=true
[DEBUG-CHUNK] Chunk mode enabled - updateLimit=0, timeLimit=60000
[DEBUG-PATHTREE-FRONTIER] Loaded 12269 paths (frontier=12267, inProgress=2)
[DEBUG-PATHTREE] Load time: 10ms, format: SLIM, nodes: 49073, indexed: 36802, fullyProcessed: 12267, unprocessed: 2, estimated size: 160 bytes
[DEBUG-RESUME] Starting resume from path: /content/dam/asset-3037, PathTree has 36802 indexed nodes
[DEBUG-PATHTREE-TRAVERSAL] Using PathTree traversal mode
[DEBUG-PATHTREE-TRAVERSAL] PathTree stats: TraversalStats{total=12269, fullyProcessed=12267, notFullyProcessed=2, enterOnly=2}
[DEBUG-INDEX] Fully processed 13000 nodes, current path: /content/dam/asset-3257/jcr:content/metadata
[DEBUG-INDEX] Fully processed 14000 nodes, current path: /content/dam/asset-3557/jcr:content
[DEBUG-INDEX] Fully processed 15000 nodes, current path: /content/dam/asset-3857
[DEBUG-INDEX] Fully processed 16000 nodes, current path: /content/dam/asset-4157/jcr:content/metadata
[DEBUG-INDEX] Fully processed 17000 nodes, current path: /content/dam/asset-4457/jcr:content
[DEBUG-INDEX] Fully processed 18000 nodes, current path: /content/dam/asset-4757
[DEBUG-INDEX] Fully processed 19000 nodes, current path: /content/dam/asset-5057/jcr:content/metadata
[DEBUG-INDEX] Fully processed 20000 nodes, current path: /content/dam/asset-5357/jcr:content
[DEBUG-INDEX] Fully processed 21000 nodes, current path: /content/dam/asset-5657
[DEBUG-INDEX] Fully processed 22000 nodes, current path: /content/dam/asset-5958/jcr:content/metadata
[DEBUG-INDEX] Fully processed 23000 nodes, current path: /content/dam/asset-6257/jcr:content
[DEBUG-INDEX] Fully processed 24000 nodes, current path: /content/dam/asset-6557
[DEBUG-INDEX] Fully processed 25000 nodes, current path: /content/dam/asset-6858/jcr:content/metadata
[DEBUG-INDEX] Fully processed 26000 nodes, current path: /content/dam/asset-7157/jcr:content
[DEBUG-INDEX] Fully processed 27000 nodes, current path: /content/dam/asset-7457
[DEBUG-INDEX] Fully processed 28000 nodes, current path: /content/dam/asset-7758/jcr:content/metadata
[DEBUG-INDEX] Fully processed 29000 nodes, current path: /content/dam/asset-8057/jcr:content
[DEBUG-INDEX] Fully processed 30000 nodes, current path: /content/dam/asset-8357
[DEBUG-INDEX] Fully processed 31000 nodes, current path: /content/dam/asset-8658/jcr:content/metadata
[DEBUG-INDEX] Fully processed 32000 nodes, current path: /content/dam/asset-8958/jcr:content
[DEBUG-INDEX] Fully processed 33000 nodes, current path: /content/dam/asset-9257
[DEBUG-INDEX] Fully processed 34000 nodes, current path: /content/dam/asset-9558/jcr:content/metadata
[DEBUG-INDEX] Fully processed 35000 nodes, current path: /content/dam/asset-9858/jcr:content
[DEBUG-TIMING] RESUME Diff time: 40415ms
[DEBUG-SKIP] skipFull=0, skipIndexed=2, processed=23490
[DEBUG-PATHTREE-TRAVERSAL] pathTreeTraversals=12267, segmentStoreTraversals=23490, pathTreeChildLookups=0, segmentStoreChildLookups=23490, skippedGetChildCalls=24534
[DEBUG-PATHTREE-TIMING] segmentStoreReadTime=16.25ms, pathTreeLookupTime=61.06ms, editorCallbackTime=26968.79ms
[DEBUG-PATHTREE-TIMING] SegmentStore I/O time: 16ms (this is the expensive part!)
[DEBUG-RESUME] Total diff time: 40415ms, time to resume path: 0ms, indexing time after resume: 40415ms
[DEBUG-MODE] Indexing complete, mode: RESUME
[DEBUG-TIMING] RESUME Lucene flush time: 0ms
[DEBUG-TIMING] RESUME NodeStore merge time: 21ms
[DEBUG-TIMING] RESUME COMMIT SUMMARY: flush=0ms, merge=21ms, TOTAL=21ms
  Cycle #2 completed in 40764 ms (traversal: 40430 ms, nodes: 23490)
    checkpoint=r19b412ebe92-0-1, hasData=true, dataFiles=8
  → No resume state - indexing complete!


Indexing complete:
  Total time: 101768 ms
  Total cycles: 2

  Per-Cycle Timing Breakdown:
    Cycle | Total(ms) |  Trav(ms) |    OH(ms) | Resume(ms) | ResOH(ms) | Path                                    
    ------|-----------|-----------|-----------|-----------|-----------|------------------------------------------
    1     |     60651 |     60005 |       646 |          - |     60001 | /content/dam/asset-3037                 
    2     |     40764 |     40430 |       334 |          - |     40415 | N/A                                     
    ------|-----------|-----------|-----------|-----------|-----------|------------------------------------------
    TOTAL |    101415 |    100435 |       980 |         0 |      1.0% | Overhead %

  Timing Breakdown Explanation:
    Total(ms)    - Wall clock time for each run
    Trav(ms)     - Diff traversal time (tree walk + ALL editors including ResumingEditor)
    OH(ms)       - Overhead beyond traversal (checkpointing, index writes, etc.)
    Resume(ms)   - Time ResumingEditor took to REACH resume point (0 if not resuming)
    ResOH(ms)    - ResumingEditor overhead after reaching target (0 if not resuming)
    Path         - Resume path or progress commit path

  ===========================================
  DETAILED METRICS ANALYSIS
  ===========================================

  GC Analysis:
    Total GC Time: 959 ms
    Total GC Count: 119 collections
    GC Overhead: 0.94% of total time
    Average GC Pause: 8.1 ms

  Memory Analysis:
    Memory Delta: 1007 MB (peak - start)
    Start Heap: 91 MB
    Peak Heap: 1099 MB
    End Heap: 1010 MB
    Memory Efficiency: 52844.7 bytes/node
    Max Heap Available: 1024 MB

  Memory Pools:
    G1 Eden Space       :   557 MB /     0 MB
    G1 Old Gen          :   437 MB /  1024 MB
    G1 Survivor Space   :    14 MB /     0 MB

  CPU Analysis:
    Total CPU Time: 75.30 s
    CPU Utilization: 74.0% of wall time
    CPU Efficiency: 266 nodes/cpu-second
    Peak Threads: 19

  Disk Analysis:
    SegmentStore Size: 0 MB
    Lucene Index Size: 0 MB
    Total Disk Usage: 0 MB

  Per-Chunk Metrics Summary:
    Heap Growth: 578 MB → 578 MB
    SegmentStore Growth: 0 MB → 0 MB
    Average GC per chunk: 80.0 collections

  DEBUG Index State:
    Exists: true
    Has :data: true
    async: async
    reindex: false
    reindexCount: 1
    Content/dam children: 9223372036854775807
    :async exists: true
    :async checkpoint: r19b412ebe92-0-1

--- Phase 4: Verification ---
  Index has :data: true
  Running query verification (with traversal fail)...
    Actual count from index: 1000
    Query result count (capped at 1000): 1000

--- Data Completeness Verification ---
  Using keyset pagination with CONTAINS queries to count indexed nodes...
  Note: CONTAINS queries use fulltext index and avoid traversal limits

  [1/3] Counting approved nodes...
  Using keyset pagination (10K page size) to count all nodes...
  Pagination complete: 1000 total nodes found

  [2/3] Counting draft nodes...
  Using keyset pagination (10K page size) to count all nodes...
    Page complete: 10000 nodes so far, continuing from /content/dam/asset-19472...
  Pagination complete: 19000 total nodes found

  [3/3] Verifying arithmetic...

✅ Data Completeness Verification PASSED:
  ✓ All 20000 nodes were indexed (verified via approved + draft counts)
  ✓ Approved nodes: 1000 (expected: 1000)
  ✓ Draft nodes: 19000 (expected: 19000)
  ✓ Total indexed: 20000 nodes
  ✓ Arithmetic check: 1000 + 19000 = 20000
  ✓ Index is complete and searchable
  ✓ Used CONTAINS queries to ensure fulltext index usage (avoids traversal limits)

--- Performance Results ---
Total Time: 101768 ms
Content Creation: 30611 ms
Throughput: 196.53 nodes/sec
Memory Delta: 940476 KB
Max Heap Used: 1628 MB
Max Non-Heap Used: 97 MB
Peak Threads: 19
Process CPU Time: 75299237000 ms
Direct Buffer Memory: 8 KB
Disk Usage: 0 KB
Main Index Size: 0 KB
GC Count: 119
GC Time: 959 ms
Run Count: 2
Diff Time: 40430 ms
Query Time: 39 ms
Node Count: 20000
Query Approved (index): 1000

=== PER-RUN TIMING (machine-parseable) ===
Run 1 Time: 60651
Run 1 Traversal: 60005
Run 1 Resume Path: /content/dam/asset-3037
Run 2 Time: 40764
Run 2 Traversal: 40430

=== INCREMENTAL SEARCHABILITY (machine-parseable) ===
Chunk 1 Query Results: 615
Chunk 1 Query Time: 87


--- Script Parseable Output ---
Total Time: 101768 ms
Throughput: 196.5
Memory Delta: 940476 KB
Max Heap Used: 1628 MB
Max Non-Heap Used: 97 MB
Peak Threads: 19
Process CPU Time: 75299237000 ms
Direct Buffer Memory: 8 KB
Disk Usage: 0 KB
GC Count: 119
GC Time: 959 ms
Run Count: 2
Diff Time: 40430 ms
Main Index Size: 0 KB
Query Time: 39 ms
Query Approved: 1000

--- Per-Run Timing Details ---
Run 1 Time: 60651 ms
Run 2 Time: 40764 ms
Run 1 Traversal: 60005 ms
Run 2 Traversal: 40430 ms
Run 1 Resume Path: /content/dam/asset-3037

--- Incremental Searchability Verification ---
INCREMENTAL_SUMMARY: maxResults=615, totalChunks=1, chunksWithResults=1
Chunk 1: 615 results (61.5% of total) in 87 ms

Max results seen in incremental queries: 615
✓ SUCCESS: Index showed incremental searchability!

Time: 138.383

OK (1 test)

