JUnit version 4.13.1
.
========================================
RESUMABLE INDEXING PERFORMANCE TEST
========================================
NodeStore:   DOCUMENT
Node Count:  20000
Batch Size:  100
Chunk Size:  0 (nodes per run)
========================================


--- Phase 1: Initial Index Creation ---
Running async indexer to complete initial index (reindex=true -> false)...
[DEBUG-MODE] Indexing mode: NORMAL, resumeEnabled=false, chunkSize=0, chunkTimeMs=5000, isInitialIndex=true, chunkedMode=false
[DEBUG-PATHTREE-TRAVERSAL] Using standard EditorDiff mode
[DEBUG-TIMING] NORMAL Diff time: 121ms
[DEBUG-SKIP] skipFull=0, skipIndexed=0, processed=302
[DEBUG-MODE] Indexing complete, mode: NORMAL
[DEBUG-TIMING] NORMAL Lucene flush time: 0ms
[DEBUG-TIMING] NORMAL NodeStore merge time: 12ms
[DEBUG-TIMING] NORMAL COMMIT SUMMARY: flush=0ms, merge=12ms, TOTAL=12ms
  Run #1: reindex=false, exists=true, checkpoint=r19b41218409-0-1
  Initial index complete after 1 run(s)
  Checkpoint after initial index: r19b41218409-0-1

--- Phase 2: Creating Content ---
Creating 20000 nodes with 1000 approved nodes (every 20th node for even distribution)
  Created 1000/20000 assets (50 approved so far)
  Created 2000/20000 assets (100 approved so far)
  Created 3000/20000 assets (150 approved so far)
  Created 4000/20000 assets (200 approved so far)
  Created 5000/20000 assets (250 approved so far)
  Created 6000/20000 assets (300 approved so far)
  Created 7000/20000 assets (350 approved so far)
  Created 8000/20000 assets (400 approved so far)
  Created 9000/20000 assets (450 approved so far)
  Created 10000/20000 assets (500 approved so far)
  Created 11000/20000 assets (550 approved so far)
  Created 12000/20000 assets (600 approved so far)
  Created 13000/20000 assets (650 approved so far)
  Created 14000/20000 assets (700 approved so far)
  Created 15000/20000 assets (750 approved so far)
  Created 16000/20000 assets (800 approved so far)
  Created 17000/20000 assets (850 approved so far)
  Created 18000/20000 assets (900 approved so far)
  Created 19000/20000 assets (950 approved so far)
  Created 20000/20000 assets (1000 approved so far)
Created 20000 dam:Asset nodes (1000 with status=approved, spread evenly)
Content creation: 30540 ms (654.9 nodes/sec)

--- Phase 3: Indexing New Content ---
oak.async.chunkSize: 0

*** RESUMABLE INDEXING MODE ***
Each run() processes one chunk, saves progress, and completes
Next run() resumes from saved position
Index becomes searchable after each run() completes

[DEBUG-MODE] Indexing mode: NORMAL, resumeEnabled=false, chunkSize=0, chunkTimeMs=5000, isInitialIndex=false, chunkedMode=false
[DEBUG-PATHTREE-TRAVERSAL] Using standard EditorDiff mode
ERROR StatusLogger Log4j2 could not find a logging implementation. Please add log4j-core to the classpath. Using SimpleLogger to log to the console...
[DEBUG-INDEX] Fully processed 1000 nodes, current path: /content/dam/asset-10295
[DEBUG-INDEX] Fully processed 2000 nodes, current path: /content/dam/asset-10596/jcr:content/metadata
[DEBUG-INDEX] Fully processed 3000 nodes, current path: /content/dam/asset-10896/jcr:content
[DEBUG-INDEX] Fully processed 4000 nodes, current path: /content/dam/asset-11195
[DEBUG-INDEX] Fully processed 5000 nodes, current path: /content/dam/asset-11496/jcr:content/metadata
[DEBUG-INDEX] Fully processed 6000 nodes, current path: /content/dam/asset-11796/jcr:content
[DEBUG-INDEX] Fully processed 7000 nodes, current path: /content/dam/asset-12095
[DEBUG-INDEX] Fully processed 8000 nodes, current path: /content/dam/asset-12396/jcr:content/metadata
[DEBUG-INDEX] Fully processed 9000 nodes, current path: /content/dam/asset-12696/jcr:content
[DEBUG-INDEX] Fully processed 10000 nodes, current path: /content/dam/asset-12996
[DEBUG-INDEX] Fully processed 11000 nodes, current path: /content/dam/asset-13296/jcr:content/metadata
[DEBUG-INDEX] Fully processed 12000 nodes, current path: /content/dam/asset-13596/jcr:content
[DEBUG-INDEX] Fully processed 13000 nodes, current path: /content/dam/asset-13896
[DEBUG-INDEX] Fully processed 14000 nodes, current path: /content/dam/asset-14196/jcr:content/metadata
[DEBUG-INDEX] Fully processed 15000 nodes, current path: /content/dam/asset-14496/jcr:content
[DEBUG-INDEX] Fully processed 16000 nodes, current path: /content/dam/asset-14796
[DEBUG-INDEX] Fully processed 17000 nodes, current path: /content/dam/asset-15096/jcr:content/metadata
[DEBUG-INDEX] Fully processed 18000 nodes, current path: /content/dam/asset-15396/jcr:content
[DEBUG-INDEX] Fully processed 19000 nodes, current path: /content/dam/asset-15696
[DEBUG-INDEX] Fully processed 20000 nodes, current path: /content/dam/asset-15997/jcr:content/metadata
[DEBUG-INDEX] Fully processed 21000 nodes, current path: /content/dam/asset-16296/jcr:content
[DEBUG-INDEX] Fully processed 22000 nodes, current path: /content/dam/asset-16596
[DEBUG-INDEX] Fully processed 23000 nodes, current path: /content/dam/asset-16897/jcr:content/metadata
[DEBUG-INDEX] Fully processed 24000 nodes, current path: /content/dam/asset-17196/jcr:content
[DEBUG-INDEX] Fully processed 25000 nodes, current path: /content/dam/asset-17496
[DEBUG-INDEX] Fully processed 26000 nodes, current path: /content/dam/asset-17797/jcr:content/metadata
[DEBUG-INDEX] Fully processed 27000 nodes, current path: /content/dam/asset-18096/jcr:content
[DEBUG-INDEX] Fully processed 28000 nodes, current path: /content/dam/asset-18396
[DEBUG-INDEX] Fully processed 29000 nodes, current path: /content/dam/asset-18697/jcr:content/metadata
[DEBUG-INDEX] Fully processed 30000 nodes, current path: /content/dam/asset-18997/jcr:content
[DEBUG-INDEX] Fully processed 31000 nodes, current path: /content/dam/asset-19296
[DEBUG-INDEX] Fully processed 32000 nodes, current path: /content/dam/asset-19597/jcr:content/metadata
[DEBUG-INDEX] Fully processed 33000 nodes, current path: /content/dam/asset-19897/jcr:content
[DEBUG-INDEX] Fully processed 34000 nodes, current path: /content/dam/asset-2196
[DEBUG-INDEX] Fully processed 35000 nodes, current path: /content/dam/asset-2497/jcr:content/metadata
[DEBUG-INDEX] Fully processed 36000 nodes, current path: /content/dam/asset-2797/jcr:content
[DEBUG-INDEX] Fully processed 37000 nodes, current path: /content/dam/asset-3096
[DEBUG-INDEX] Fully processed 38000 nodes, current path: /content/dam/asset-3397/jcr:content/metadata
[DEBUG-INDEX] Fully processed 39000 nodes, current path: /content/dam/asset-3697/jcr:content
[DEBUG-INDEX] Fully processed 40000 nodes, current path: /content/dam/asset-3997
[DEBUG-INDEX] Fully processed 41000 nodes, current path: /content/dam/asset-4297/jcr:content/metadata
[DEBUG-INDEX] Fully processed 42000 nodes, current path: /content/dam/asset-4597/jcr:content
[DEBUG-INDEX] Fully processed 43000 nodes, current path: /content/dam/asset-4897
[DEBUG-INDEX] Fully processed 44000 nodes, current path: /content/dam/asset-5197/jcr:content/metadata
[DEBUG-INDEX] Fully processed 45000 nodes, current path: /content/dam/asset-5497/jcr:content
[DEBUG-INDEX] Fully processed 46000 nodes, current path: /content/dam/asset-5797
[DEBUG-INDEX] Fully processed 47000 nodes, current path: /content/dam/asset-6097/jcr:content/metadata
[DEBUG-INDEX] Fully processed 48000 nodes, current path: /content/dam/asset-6397/jcr:content
[DEBUG-INDEX] Fully processed 49000 nodes, current path: /content/dam/asset-6697
[DEBUG-INDEX] Fully processed 50000 nodes, current path: /content/dam/asset-6998/jcr:content/metadata
[DEBUG-INDEX] Fully processed 51000 nodes, current path: /content/dam/asset-7297/jcr:content
[DEBUG-INDEX] Fully processed 52000 nodes, current path: /content/dam/asset-7597
[DEBUG-INDEX] Fully processed 53000 nodes, current path: /content/dam/asset-7898/jcr:content/metadata
[DEBUG-INDEX] Fully processed 54000 nodes, current path: /content/dam/asset-8197/jcr:content
[DEBUG-INDEX] Fully processed 55000 nodes, current path: /content/dam/asset-8497
[DEBUG-INDEX] Fully processed 56000 nodes, current path: /content/dam/asset-8798/jcr:content/metadata
[DEBUG-INDEX] Fully processed 57000 nodes, current path: /content/dam/asset-9097/jcr:content
[DEBUG-INDEX] Fully processed 58000 nodes, current path: /content/dam/asset-9397
[DEBUG-INDEX] Fully processed 59000 nodes, current path: /content/dam/asset-9698/jcr:content/metadata
[DEBUG-INDEX] Fully processed 60000 nodes, current path: /content/dam/asset-9998/jcr:content
[DEBUG-TIMING] NORMAL Diff time: 113100ms
[DEBUG-SKIP] skipFull=0, skipIndexed=0, processed=60007
[DEBUG-MODE] Indexing complete, mode: NORMAL
[DEBUG-TIMING] NORMAL Lucene flush time: 0ms
[DEBUG-TIMING] NORMAL NodeStore merge time: 11ms
[DEBUG-TIMING] NORMAL COMMIT SUMMARY: flush=0ms, merge=11ms, TOTAL=11ms
  Cycle #1 completed in 113472 ms (traversal: 113102 ms, nodes: 60007)
    checkpoint=r19b4121fdf0-0-1, hasData=true, dataFiles=5
  → No resume state - indexing complete!

  NOTE: Completed in 1 run - chunk limit not reached
        Increase content or decrease chunk size to see multiple runs


Indexing complete:
  Total time: 113478 ms
  Total cycles: 1

  ===========================================
  DETAILED METRICS ANALYSIS
  ===========================================

  GC Analysis:
    Total GC Time: 694 ms
    Total GC Count: 167 collections
    GC Overhead: 0.61% of total time
    Average GC Pause: 4.2 ms

  Memory Analysis:
    Memory Delta: 899 MB (peak - start)
    Start Heap: 91 MB
    Peak Heap: 991 MB
    End Heap: 535 MB
    Memory Efficiency: 47157.5 bytes/node
    Max Heap Available: 1024 MB

  Memory Pools:
    G1 Eden Space       :   192 MB /     0 MB
    G1 Old Gen          :   333 MB /  1024 MB
    G1 Survivor Space   :     9 MB /     0 MB

  CPU Analysis:
    Total CPU Time: 81.34 s
    CPU Utilization: 71.7% of wall time
    CPU Efficiency: 246 nodes/cpu-second
    Peak Threads: 19

  Disk Analysis:
    SegmentStore Size: 0 MB
    Lucene Index Size: 0 MB
    Total Disk Usage: 0 MB

  DEBUG Index State:
    Exists: true
    Has :data: true
    async: async
    reindex: false
    reindexCount: 1
    Content/dam children: 9223372036854775807
    :async exists: true
    :async checkpoint: r19b4121fdf0-0-1

--- Phase 4: Verification ---
  Index has :data: true
  Running query verification (with traversal fail)...
    Actual count from index: 1000
    Query result count (capped at 1000): 1000

--- Data Completeness Verification ---
  Using keyset pagination with CONTAINS queries to count indexed nodes...
  Note: CONTAINS queries use fulltext index and avoid traversal limits

  [1/3] Counting approved nodes...
  Using keyset pagination (10K page size) to count all nodes...
  Pagination complete: 1000 total nodes found

  [2/3] Counting draft nodes...
  Using keyset pagination (10K page size) to count all nodes...
    Page complete: 10000 nodes so far, continuing from /content/dam/asset-19472...
  Pagination complete: 19000 total nodes found

  [3/3] Verifying arithmetic...

✅ Data Completeness Verification PASSED:
  ✓ All 20000 nodes were indexed (verified via approved + draft counts)
  ✓ Approved nodes: 1000 (expected: 1000)
  ✓ Draft nodes: 19000 (expected: 19000)
  ✓ Total indexed: 20000 nodes
  ✓ Arithmetic check: 1000 + 19000 = 20000
  ✓ Index is complete and searchable
  ✓ Used CONTAINS queries to ensure fulltext index usage (avoids traversal limits)

--- Performance Results ---
Total Time: 113478 ms
Content Creation: 30540 ms
Throughput: 176.25 nodes/sec
Memory Delta: 454615 KB
Max Heap Used: 1144 MB
Max Non-Heap Used: 95 MB
Peak Threads: 19
Process CPU Time: 81339862000 ms
Direct Buffer Memory: 8 KB
Disk Usage: 0 KB
Main Index Size: 0 KB
GC Count: 167
GC Time: 694 ms
Run Count: 1
Diff Time: 113102 ms
Query Time: 275 ms
Node Count: 20000
Query Approved (index): 1000

--- Script Parseable Output ---
Total Time: 113478 ms
Throughput: 176.2
Memory Delta: 454615 KB
Max Heap Used: 1144 MB
Max Non-Heap Used: 95 MB
Peak Threads: 19
Process CPU Time: 81339862000 ms
Direct Buffer Memory: 8 KB
Disk Usage: 0 KB
GC Count: 167
GC Time: 694 ms
Run Count: 1
Diff Time: 113102 ms
Main Index Size: 0 KB
Query Time: 275 ms
Query Approved: 1000

--- Per-Run Timing Details ---
Run 1 Time: 113472 ms
Run 1 Traversal: 113102 ms

Time: 154.455

OK (1 test)

