JUnit version 4.13.1
.
========================================
RESUMABLE INDEXING PERFORMANCE TEST
========================================
NodeStore:   DOCUMENT
Node Count:  20000
Batch Size:  100
Chunk Size:  0 (nodes per run)
========================================


--- Phase 1: Initial Index Creation ---
Running async indexer to complete initial index (reindex=true -> false)...
[DEBUG-MODE] Indexing mode: RESUME, resumeEnabled=true, chunkSize=0, chunkTimeMs=10000, isInitialIndex=true, chunkedMode=false
[DEBUG-PATHTREE-TRAVERSAL] Using standard EditorDiff mode
[DEBUG-TIMING] RESUME Diff time: 140ms
[DEBUG-SKIP] skipFull=0, skipIndexed=0, processed=302
[DEBUG-PATHTREE-TRAVERSAL] pathTreeTraversals=0, segmentStoreTraversals=0, pathTreeChildLookups=0, segmentStoreChildLookups=0, skippedGetChildCalls=0
[DEBUG-PATHTREE-TIMING] segmentStoreReadTime=0.00ms, pathTreeLookupTime=0.00ms, editorCallbackTime=0.00ms
[DEBUG-PATHTREE-TIMING] SegmentStore I/O time: 0ms (this is the expensive part!)
[DEBUG-MODE] Indexing complete, mode: RESUME
[DEBUG-TIMING] RESUME Lucene flush time: 1ms
[DEBUG-TIMING] RESUME NodeStore merge time: 13ms
[DEBUG-TIMING] RESUME COMMIT SUMMARY: flush=1ms, merge=13ms, TOTAL=14ms
  Run #1: reindex=false, exists=true, checkpoint=r19b4123d95a-0-1
  Initial index complete after 1 run(s)
  Checkpoint after initial index: r19b4123d95a-0-1

--- Phase 2: Creating Content ---
Creating 20000 nodes with 1000 approved nodes (every 20th node for even distribution)
  Created 1000/20000 assets (50 approved so far)
  Created 2000/20000 assets (100 approved so far)
  Created 3000/20000 assets (150 approved so far)
  Created 4000/20000 assets (200 approved so far)
  Created 5000/20000 assets (250 approved so far)
  Created 6000/20000 assets (300 approved so far)
  Created 7000/20000 assets (350 approved so far)
  Created 8000/20000 assets (400 approved so far)
  Created 9000/20000 assets (450 approved so far)
  Created 10000/20000 assets (500 approved so far)
  Created 11000/20000 assets (550 approved so far)
  Created 12000/20000 assets (600 approved so far)
  Created 13000/20000 assets (650 approved so far)
  Created 14000/20000 assets (700 approved so far)
  Created 15000/20000 assets (750 approved so far)
  Created 16000/20000 assets (800 approved so far)
  Created 17000/20000 assets (850 approved so far)
  Created 18000/20000 assets (900 approved so far)
  Created 19000/20000 assets (950 approved so far)
  Created 20000/20000 assets (1000 approved so far)
Created 20000 dam:Asset nodes (1000 with status=approved, spread evenly)
Content creation: 30683 ms (651.8 nodes/sec)

--- Phase 3: Indexing New Content ---
oak.async.chunkSize: 0

*** RESUMABLE INDEXING MODE ***
Each run() processes one chunk, saves progress, and completes
Next run() resumes from saved position
Index becomes searchable after each run() completes

[DEBUG-MODE] Indexing mode: RESUME, resumeEnabled=true, chunkSize=0, chunkTimeMs=10000, isInitialIndex=false, chunkedMode=true
[DEBUG-CHUNK] Chunk mode enabled - updateLimit=0, timeLimit=10000
[DEBUG-PATHTREE-TRAVERSAL] Using standard EditorDiff mode
ERROR StatusLogger Log4j2 could not find a logging implementation. Please add log4j-core to the classpath. Using SimpleLogger to log to the console...
[DEBUG-INDEX] Fully processed 1000 nodes, current path: /content/dam/asset-10295
[DEBUG-INDEX] Fully processed 2000 nodes, current path: /content/dam/asset-10596/jcr:content/metadata
[DEBUG-INDEX] Fully processed 3000 nodes, current path: /content/dam/asset-10896/jcr:content
[DEBUG-INDEX] Fully processed 4000 nodes, current path: /content/dam/asset-11195
[DEBUG-INDEX] Fully processed 5000 nodes, current path: /content/dam/asset-11496/jcr:content/metadata
[DEBUG-INDEX] Fully processed 6000 nodes, current path: /content/dam/asset-11796/jcr:content
[DEBUG-INDEX] Fully processed 7000 nodes, current path: /content/dam/asset-12095
[DEBUG-INDEX] Fully processed 8000 nodes, current path: /content/dam/asset-12396/jcr:content/metadata
[DEBUG-INDEX] Fully processed 9000 nodes, current path: /content/dam/asset-12696/jcr:content
[DEBUG-INDEX] Fully processed 10000 nodes, current path: /content/dam/asset-12996
[DEBUG-INDEX] Fully processed 11000 nodes, current path: /content/dam/asset-13296/jcr:content/metadata
[DEBUG-CHUNK] TIME limit reached: 10001ms at /content/dam/asset-13417
[DEBUG-TIMING] RESUME Diff time: 10003ms
[DEBUG-SKIP] skipFull=0, skipIndexed=0, processed=11408
[DEBUG-PATHTREE-TRAVERSAL] pathTreeTraversals=0, segmentStoreTraversals=0, pathTreeChildLookups=0, segmentStoreChildLookups=0, skippedGetChildCalls=0
[DEBUG-PATHTREE-TIMING] segmentStoreReadTime=0.00ms, pathTreeLookupTime=0.00ms, editorCallbackTime=0.00ms
[DEBUG-PATHTREE-TIMING] SegmentStore I/O time: 0ms (this is the expensive part!)
[DEBUG-TIMING] Lucene flush time: 128ms
[DEBUG-TIMING] NodeStore merge time: 7ms
[DEBUG-PATHTREE-FRONTIER] Serialized 3803 paths (frontier=3801, inProgress=2) vs 11406 total nodes (savings: 67%)
[DEBUG-PATHTREE] Serialize time: 4ms (format: SLIM), total: 11406, fullyProcessed: 11404, unprocessed: 2
[DEBUG-PATHTREE-SIZE] Full: ~570300 bytes, SLIM: ~160 bytes (potential savings: 100%)
[DEBUG-PATHTREE] Saved PathTree to pathtree_chunk_1766324468650.json (total=11406, unprocessed=2)
[DEBUG-TIMING] Resume state save time: 21ms
[DEBUG-TIMING] CHUNK COMMIT SUMMARY: flush=128ms, merge=7ms, saveState=21ms, TOTAL=156ms
  Cycle #1 completed in 10553 ms (traversal: 10007 ms, nodes: 11408)
    checkpoint=r19b4123d95a-0-1, hasData=true, dataFiles=5
    → Resume state detected: /content/dam/asset-13417
    → Chunk limit reached - run completed and saved progress
    → Next run will resume from this position
    → Testing searchability after run completion...
CHUNK_RESULT: cycle=1, results=192, time=67, nodes=11408, traversed=11408, skipped=0, path=/content/dam/asset-13417
CHUNK_METRICS: cycle=1, nodes=11408, heap=548MB, nonHeap=92MB, gc=22, gcTime=219ms, cpu=33682ms, segStore=0MB
[DEBUG-MODE] Indexing mode: RESUME, resumeEnabled=true, chunkSize=0, chunkTimeMs=10000, isInitialIndex=false, chunkedMode=true
[DEBUG-CHUNK] Chunk mode enabled - updateLimit=0, timeLimit=10000
[DEBUG-PATHTREE-FRONTIER] Loaded 3803 paths (frontier=3801, inProgress=2)
[DEBUG-PATHTREE] Load time: 4ms, format: SLIM, nodes: 15209, indexed: 11404, fullyProcessed: 3801, unprocessed: 2, estimated size: 160 bytes
[DEBUG-RESUME] Starting resume from path: /content/dam/asset-13417, PathTree has 11404 indexed nodes
[DEBUG-PATHTREE-TRAVERSAL] Using PathTree traversal mode
[DEBUG-PATHTREE-TRAVERSAL] PathTree stats: TraversalStats{total=3803, fullyProcessed=3801, notFullyProcessed=2, enterOnly=2}
[DEBUG-INDEX] Fully processed 4000 nodes, current path: /content/dam/asset-13477/jcr:content/metadata
[DEBUG-INDEX] Fully processed 5000 nodes, current path: /content/dam/asset-13777/jcr:content
[DEBUG-INDEX] Fully processed 6000 nodes, current path: /content/dam/asset-14076
[DEBUG-INDEX] Fully processed 7000 nodes, current path: /content/dam/asset-14377/jcr:content/metadata
[DEBUG-INDEX] Fully processed 8000 nodes, current path: /content/dam/asset-14677/jcr:content
[DEBUG-INDEX] Fully processed 9000 nodes, current path: /content/dam/asset-14977
[DEBUG-INDEX] Fully processed 10000 nodes, current path: /content/dam/asset-15277/jcr:content/metadata
[DEBUG-INDEX] Fully processed 11000 nodes, current path: /content/dam/asset-15577/jcr:content
[DEBUG-INDEX] Fully processed 12000 nodes, current path: /content/dam/asset-15877
[DEBUG-INDEX] Fully processed 13000 nodes, current path: /content/dam/asset-16177/jcr:content/metadata
[DEBUG-CHUNK] TIME limit reached: 10000ms at /content/dam/asset-16317/jcr:content
[DEBUG-TIMING] RESUME Diff time: 9994ms
[DEBUG-SKIP] skipFull=0, skipIndexed=2, processed=9671
[DEBUG-PATHTREE-TRAVERSAL] pathTreeTraversals=3800, segmentStoreTraversals=9671, pathTreeChildLookups=0, segmentStoreChildLookups=9670, skippedGetChildCalls=7600
[DEBUG-PATHTREE-TIMING] segmentStoreReadTime=4.30ms, pathTreeLookupTime=22.23ms, editorCallbackTime=5761.41ms
[DEBUG-PATHTREE-TIMING] SegmentStore I/O time: 4ms (this is the expensive part!)
[DEBUG-RESUME] Total diff time: 9994ms, time to resume path: 0ms, indexing time after resume: 9994ms
[DEBUG-TIMING] Lucene flush time: 68ms
[DEBUG-TIMING] NodeStore merge time: 5ms
[DEBUG-PATHTREE-FRONTIER] Serialized 7026 paths (frontier=7023, inProgress=3) vs 24876 total nodes (savings: 72%)
[DEBUG-PATHTREE] Serialize time: 3ms (format: SLIM), total: 24876, fullyProcessed: 13467, unprocessed: 3
[DEBUG-PATHTREE-SIZE] Full: ~1243800 bytes, SLIM: ~240 bytes (potential savings: 100%)
[DEBUG-PATHTREE] Saved PathTree to pathtree_chunk_1766324479366.json (total=24876, unprocessed=3)
[DEBUG-TIMING] Resume state save time: 16ms
[DEBUG-TIMING] CHUNK COMMIT SUMMARY: flush=68ms, merge=5ms, saveState=16ms, TOTAL=89ms
  Cycle #2 completed in 10414 ms (traversal: 10002 ms, nodes: 9671)
    checkpoint=r19b4123d95a-0-1, hasData=true, dataFiles=8
    → Resume state detected: /content/dam/asset-16317/jcr:content
    → Chunk limit reached - run completed and saved progress
    → Next run will resume from this position
    → Testing searchability after run completion...
CHUNK_RESULT: cycle=2, results=353, time=12, nodes=9671, traversed=9671, skipped=0, path=/content/dam/asset-16317/jcr:content
CHUNK_METRICS: cycle=2, nodes=9671, heap=798MB, nonHeap=95MB, gc=31, gcTime=316ms, cpu=42198ms, segStore=0MB
[DEBUG-MODE] Indexing mode: RESUME, resumeEnabled=true, chunkSize=0, chunkTimeMs=10000, isInitialIndex=false, chunkedMode=true
[DEBUG-CHUNK] Chunk mode enabled - updateLimit=0, timeLimit=10000
[DEBUG-PATHTREE-FRONTIER] Loaded 7026 paths (frontier=7023, inProgress=3)
[DEBUG-PATHTREE] Load time: 4ms, format: SLIM, nodes: 31902, indexed: 21070, fullyProcessed: 7023, unprocessed: 3, estimated size: 240 bytes
[DEBUG-RESUME] Starting resume from path: /content/dam/asset-16317/jcr:content, PathTree has 21070 indexed nodes
[DEBUG-PATHTREE-TRAVERSAL] Using PathTree traversal mode
[DEBUG-PATHTREE-TRAVERSAL] PathTree stats: TraversalStats{total=7026, fullyProcessed=7023, notFullyProcessed=3, enterOnly=3}
[DEBUG-INDEX] Fully processed 8000 nodes, current path: /content/dam/asset-1661/jcr:content
[DEBUG-INDEX] Fully processed 9000 nodes, current path: /content/dam/asset-1691
[DEBUG-INDEX] Fully processed 10000 nodes, current path: /content/dam/asset-1721/jcr:content/metadata
[DEBUG-INDEX] Fully processed 11000 nodes, current path: /content/dam/asset-1751/jcr:content
[DEBUG-INDEX] Fully processed 12000 nodes, current path: /content/dam/asset-1781
[DEBUG-INDEX] Fully processed 13000 nodes, current path: /content/dam/asset-1811/jcr:content/metadata
[DEBUG-INDEX] Fully processed 14000 nodes, current path: /content/dam/asset-1841/jcr:content
[DEBUG-CHUNK] TIME limit reached: 10000ms at /content/dam/asset-1858/jcr:content/metadata
[DEBUG-TIMING] RESUME Diff time: 9997ms
[DEBUG-SKIP] skipFull=0, skipIndexed=3, processed=7545
[DEBUG-PATHTREE-TRAVERSAL] pathTreeTraversals=7022, segmentStoreTraversals=7545, pathTreeChildLookups=0, segmentStoreChildLookups=7544, skippedGetChildCalls=14044
[DEBUG-PATHTREE-TIMING] segmentStoreReadTime=4.87ms, pathTreeLookupTime=37.47ms, editorCallbackTime=5801.59ms
[DEBUG-PATHTREE-TIMING] SegmentStore I/O time: 4ms (this is the expensive part!)
[DEBUG-RESUME] Total diff time: 9997ms, time to resume path: 0ms, indexing time after resume: 9997ms
[DEBUG-TIMING] Lucene flush time: 46ms
[DEBUG-TIMING] NodeStore merge time: 4ms
[DEBUG-PATHTREE-FRONTIER] Serialized 9540 paths (frontier=9536, inProgress=4) vs 39442 total nodes (savings: 76%)
[DEBUG-PATHTREE] Serialize time: 3ms (format: SLIM), total: 39442, fullyProcessed: 14562, unprocessed: 4
[DEBUG-PATHTREE-SIZE] Full: ~1972100 bytes, SLIM: ~320 bytes (potential savings: 100%)
[DEBUG-PATHTREE] Saved PathTree to pathtree_chunk_1766324489979.json (total=39442, unprocessed=4)
[DEBUG-TIMING] Resume state save time: 15ms
[DEBUG-TIMING] CHUNK COMMIT SUMMARY: flush=46ms, merge=4ms, saveState=15ms, TOTAL=65ms
  Cycle #3 completed in 10387 ms (traversal: 10002 ms, nodes: 7545)
    checkpoint=r19b4123d95a-0-1, hasData=true, dataFiles=11
    → Resume state detected: /content/dam/asset-1858/jcr:content/metadata
    → Chunk limit reached - run completed and saved progress
    → Next run will resume from this position
    → Testing searchability after run completion...
CHUNK_RESULT: cycle=3, results=478, time=10, nodes=7545, traversed=7545, skipped=0, path=/content/dam/asset-1858/jcr:content/metadata
CHUNK_METRICS: cycle=3, nodes=7545, heap=301MB, nonHeap=91MB, gc=47, gcTime=444ms, cpu=50289ms, segStore=0MB
[DEBUG-MODE] Indexing mode: RESUME, resumeEnabled=true, chunkSize=0, chunkTimeMs=10000, isInitialIndex=false, chunkedMode=true
[DEBUG-CHUNK] Chunk mode enabled - updateLimit=0, timeLimit=10000
[DEBUG-PATHTREE-FRONTIER] Loaded 9540 paths (frontier=9536, inProgress=4)
[DEBUG-PATHTREE] Load time: 5ms, format: SLIM, nodes: 48982, indexed: 28609, fullyProcessed: 9536, unprocessed: 4, estimated size: 320 bytes
[DEBUG-RESUME] Starting resume from path: /content/dam/asset-1858/jcr:content/metadata, PathTree has 28609 indexed nodes
[DEBUG-PATHTREE-TRAVERSAL] Using PathTree traversal mode
[DEBUG-PATHTREE-TRAVERSAL] PathTree stats: TraversalStats{total=9540, fullyProcessed=9536, notFullyProcessed=4, enterOnly=4}
[DEBUG-INDEX] Fully processed 10000 nodes, current path: /content/dam/asset-18718/jcr:content
[DEBUG-INDEX] Fully processed 11000 nodes, current path: /content/dam/asset-19017
[DEBUG-INDEX] Fully processed 12000 nodes, current path: /content/dam/asset-19318/jcr:content/metadata
[DEBUG-INDEX] Fully processed 13000 nodes, current path: /content/dam/asset-19618/jcr:content
[DEBUG-INDEX] Fully processed 14000 nodes, current path: /content/dam/asset-19918
[DEBUG-INDEX] Fully processed 15000 nodes, current path: /content/dam/asset-2218/jcr:content/metadata
[DEBUG-CHUNK] TIME limit reached: 10002ms at /content/dam/asset-2480
[DEBUG-TIMING] RESUME Diff time: 9998ms
[DEBUG-SKIP] skipFull=0, skipIndexed=4, processed=6340
[DEBUG-PATHTREE-TRAVERSAL] pathTreeTraversals=9535, segmentStoreTraversals=6340, pathTreeChildLookups=0, segmentStoreChildLookups=6339, skippedGetChildCalls=19070
[DEBUG-PATHTREE-TIMING] segmentStoreReadTime=2.87ms, pathTreeLookupTime=21.18ms, editorCallbackTime=6525.27ms
[DEBUG-PATHTREE-TIMING] SegmentStore I/O time: 2ms (this is the expensive part!)
[DEBUG-RESUME] Total diff time: 9998ms, time to resume path: 0ms, indexing time after resume: 9998ms
[DEBUG-TIMING] Lucene flush time: 44ms
[DEBUG-TIMING] NodeStore merge time: 5ms
[DEBUG-PATHTREE-FRONTIER] Serialized 11650 paths (frontier=11648, inProgress=2) vs 55316 total nodes (savings: 79%)
[DEBUG-PATHTREE] Serialize time: 4ms (format: SLIM), total: 55316, fullyProcessed: 15872, unprocessed: 2
[DEBUG-PATHTREE-SIZE] Full: ~2765800 bytes, SLIM: ~160 bytes (potential savings: 100%)
[DEBUG-PATHTREE] Saved PathTree to pathtree_chunk_1766324500548.json (total=55316, unprocessed=2)
[DEBUG-TIMING] Resume state save time: 20ms
[DEBUG-TIMING] CHUNK COMMIT SUMMARY: flush=44ms, merge=5ms, saveState=20ms, TOTAL=69ms
  Cycle #4 completed in 10355 ms (traversal: 10004 ms, nodes: 6340)
    checkpoint=r19b4123d95a-0-1, hasData=true, dataFiles=14
    → Resume state detected: /content/dam/asset-2480
    → Chunk limit reached - run completed and saved progress
    → Next run will resume from this position
    → Testing searchability after run completion...
CHUNK_RESULT: cycle=4, results=584, time=6, nodes=6340, traversed=6340, skipped=0, path=/content/dam/asset-2480
CHUNK_METRICS: cycle=4, nodes=6340, heap=425MB, nonHeap=92MB, gc=57, gcTime=550ms, cpu=58175ms, segStore=0MB
[DEBUG-MODE] Indexing mode: RESUME, resumeEnabled=true, chunkSize=0, chunkTimeMs=10000, isInitialIndex=false, chunkedMode=true
[DEBUG-CHUNK] Chunk mode enabled - updateLimit=0, timeLimit=10000
[DEBUG-PATHTREE-FRONTIER] Loaded 11650 paths (frontier=11648, inProgress=2)
[DEBUG-PATHTREE] Load time: 5ms, format: SLIM, nodes: 66966, indexed: 34945, fullyProcessed: 11648, unprocessed: 2, estimated size: 160 bytes
[DEBUG-RESUME] Starting resume from path: /content/dam/asset-2480, PathTree has 34945 indexed nodes
[DEBUG-PATHTREE-TRAVERSAL] Using PathTree traversal mode
[DEBUG-PATHTREE-TRAVERSAL] PathTree stats: TraversalStats{total=11650, fullyProcessed=11648, notFullyProcessed=2, enterOnly=2}
[DEBUG-INDEX] Fully processed 12000 nodes, current path: /content/dam/asset-2586/jcr:content/metadata
[DEBUG-INDEX] Fully processed 13000 nodes, current path: /content/dam/asset-2886/jcr:content
[DEBUG-INDEX] Fully processed 14000 nodes, current path: /content/dam/asset-3185
[DEBUG-INDEX] Fully processed 15000 nodes, current path: /content/dam/asset-3486/jcr:content/metadata
[DEBUG-INDEX] Fully processed 16000 nodes, current path: /content/dam/asset-3786/jcr:content
[DEBUG-INDEX] Fully processed 17000 nodes, current path: /content/dam/asset-4085
[DEBUG-INDEX] Fully processed 18000 nodes, current path: /content/dam/asset-4386/jcr:content/metadata
[DEBUG-CHUNK] TIME limit reached: 10000ms at /content/dam/asset-4443/jcr:content/metadata
[DEBUG-TIMING] RESUME Diff time: 9994ms
[DEBUG-SKIP] skipFull=0, skipIndexed=2, processed=6549
[DEBUG-PATHTREE-TRAVERSAL] pathTreeTraversals=11647, segmentStoreTraversals=6549, pathTreeChildLookups=0, segmentStoreChildLookups=6548, skippedGetChildCalls=23294
[DEBUG-PATHTREE-TIMING] segmentStoreReadTime=1.61ms, pathTreeLookupTime=17.48ms, editorCallbackTime=6715.50ms
[DEBUG-PATHTREE-TIMING] SegmentStore I/O time: 1ms (this is the expensive part!)
[DEBUG-RESUME] Total diff time: 9994ms, time to resume path: 0ms, indexing time after resume: 9994ms
[DEBUG-TIMING] Lucene flush time: 26ms
[DEBUG-TIMING] NodeStore merge time: 5ms
[DEBUG-PATHTREE-FRONTIER] Serialized 13833 paths (frontier=13829, inProgress=4) vs 73511 total nodes (savings: 82%)
[DEBUG-PATHTREE] Serialize time: 19ms (format: SLIM), total: 73511, fullyProcessed: 18191, unprocessed: 4
[DEBUG-PATHTREE-SIZE] Full: ~3675550 bytes, SLIM: ~320 bytes (potential savings: 100%)
[DEBUG-PATHTREE] Saved PathTree to pathtree_chunk_1766324511150.json (total=73511, unprocessed=4)
[DEBUG-TIMING] Resume state save time: 34ms
[DEBUG-TIMING] CHUNK COMMIT SUMMARY: flush=26ms, merge=5ms, saveState=34ms, TOTAL=65ms
  Cycle #5 completed in 10388 ms (traversal: 10001 ms, nodes: 6549)
    checkpoint=r19b4123d95a-0-1, hasData=true, dataFiles=17
    → Resume state detected: /content/dam/asset-4443/jcr:content/metadata
    → Chunk limit reached - run completed and saved progress
    → Next run will resume from this position
    → Testing searchability after run completion...
CHUNK_RESULT: cycle=5, results=694, time=30, nodes=6549, traversed=6549, skipped=0, path=/content/dam/asset-4443/jcr:content/metadata
CHUNK_METRICS: cycle=5, nodes=6549, heap=469MB, nonHeap=93MB, gc=75, gcTime=701ms, cpu=66573ms, segStore=0MB
[DEBUG-MODE] Indexing mode: RESUME, resumeEnabled=true, chunkSize=0, chunkTimeMs=10000, isInitialIndex=false, chunkedMode=true
[DEBUG-CHUNK] Chunk mode enabled - updateLimit=0, timeLimit=10000
[DEBUG-PATHTREE-FRONTIER] Loaded 13833 paths (frontier=13829, inProgress=4)
[DEBUG-PATHTREE] Load time: 7ms, format: SLIM, nodes: 87344, indexed: 41488, fullyProcessed: 13829, unprocessed: 4, estimated size: 320 bytes
[DEBUG-RESUME] Starting resume from path: /content/dam/asset-4443/jcr:content/metadata, PathTree has 41488 indexed nodes
[DEBUG-PATHTREE-TRAVERSAL] Using PathTree traversal mode
[DEBUG-PATHTREE-TRAVERSAL] PathTree stats: TraversalStats{total=13833, fullyProcessed=13829, notFullyProcessed=4, enterOnly=4}
[DEBUG-INDEX] Fully processed 14000 nodes, current path: /content/dam/asset-4494
[DEBUG-INDEX] Fully processed 15000 nodes, current path: /content/dam/asset-4795/jcr:content/metadata
[DEBUG-INDEX] Fully processed 16000 nodes, current path: /content/dam/asset-5094/jcr:content
[DEBUG-INDEX] Fully processed 17000 nodes, current path: /content/dam/asset-5394
[DEBUG-INDEX] Fully processed 18000 nodes, current path: /content/dam/asset-5695/jcr:content/metadata
[DEBUG-INDEX] Fully processed 19000 nodes, current path: /content/dam/asset-5995/jcr:content
[DEBUG-INDEX] Fully processed 20000 nodes, current path: /content/dam/asset-6294
[DEBUG-CHUNK] TIME limit reached: 10151ms at /content/dam/asset-6308
[DEBUG-TIMING] RESUME Diff time: 10144ms
[DEBUG-SKIP] skipFull=0, skipIndexed=4, processed=6220
[DEBUG-PATHTREE-TRAVERSAL] pathTreeTraversals=13828, segmentStoreTraversals=6220, pathTreeChildLookups=0, segmentStoreChildLookups=6219, skippedGetChildCalls=27656
[DEBUG-PATHTREE-TIMING] segmentStoreReadTime=2.04ms, pathTreeLookupTime=18.65ms, editorCallbackTime=6326.59ms
[DEBUG-PATHTREE-TIMING] SegmentStore I/O time: 2ms (this is the expensive part!)
[DEBUG-RESUME] Total diff time: 10144ms, time to resume path: 0ms, indexing time after resume: 10144ms
[DEBUG-TIMING] Lucene flush time: 43ms
[DEBUG-TIMING] NodeStore merge time: 6ms
[DEBUG-PATHTREE-FRONTIER] Serialized 15903 paths (frontier=15901, inProgress=2) vs 93558 total nodes (savings: 84%)
[DEBUG-PATHTREE] Serialize time: 13ms (format: SLIM), total: 93558, fullyProcessed: 20045, unprocessed: 2
[DEBUG-PATHTREE-SIZE] Full: ~4677900 bytes, SLIM: ~160 bytes (potential savings: 100%)
[DEBUG-PATHTREE] Saved PathTree to pathtree_chunk_1766324521916.json (total=93558, unprocessed=2)
[DEBUG-TIMING] Resume state save time: 30ms
[DEBUG-TIMING] CHUNK COMMIT SUMMARY: flush=43ms, merge=6ms, saveState=30ms, TOTAL=79ms
  Cycle #6 completed in 10518 ms (traversal: 10152 ms, nodes: 6220)
    checkpoint=r19b4123d95a-0-1, hasData=true, dataFiles=20
    → Resume state detected: /content/dam/asset-6308
    → Chunk limit reached - run completed and saved progress
    → Next run will resume from this position
    → Testing searchability after run completion...
CHUNK_RESULT: cycle=6, results=797, time=20, nodes=6220, traversed=6220, skipped=0, path=/content/dam/asset-6308
CHUNK_METRICS: cycle=6, nodes=6220, heap=853MB, nonHeap=93MB, gc=92, gcTime=882ms, cpu=74446ms, segStore=0MB
[DEBUG-MODE] Indexing mode: RESUME, resumeEnabled=true, chunkSize=0, chunkTimeMs=10000, isInitialIndex=false, chunkedMode=true
[DEBUG-CHUNK] Chunk mode enabled - updateLimit=0, timeLimit=10000
[DEBUG-PATHTREE-FRONTIER] Loaded 15903 paths (frontier=15901, inProgress=2)
[DEBUG-PATHTREE] Load time: 8ms, format: SLIM, nodes: 109461, indexed: 47704, fullyProcessed: 15901, unprocessed: 2, estimated size: 160 bytes
[DEBUG-RESUME] Starting resume from path: /content/dam/asset-6308, PathTree has 47704 indexed nodes
[DEBUG-PATHTREE-TRAVERSAL] Using PathTree traversal mode
[DEBUG-PATHTREE-TRAVERSAL] PathTree stats: TraversalStats{total=15903, fullyProcessed=15901, notFullyProcessed=2, enterOnly=2}
[DEBUG-INDEX] Fully processed 16000 nodes, current path: /content/dam/asset-6337
[DEBUG-INDEX] Fully processed 17000 nodes, current path: /content/dam/asset-6638/jcr:content/metadata
[DEBUG-INDEX] Fully processed 18000 nodes, current path: /content/dam/asset-6938/jcr:content
[DEBUG-INDEX] Fully processed 19000 nodes, current path: /content/dam/asset-7237
[DEBUG-INDEX] Fully processed 20000 nodes, current path: /content/dam/asset-7538/jcr:content/metadata
[DEBUG-INDEX] Fully processed 21000 nodes, current path: /content/dam/asset-7838/jcr:content
[DEBUG-CHUNK] TIME limit reached: 10000ms at /content/dam/asset-8108
[DEBUG-TIMING] RESUME Diff time: 9991ms
[DEBUG-SKIP] skipFull=0, skipIndexed=2, processed=6004
[DEBUG-PATHTREE-TRAVERSAL] pathTreeTraversals=15900, segmentStoreTraversals=6004, pathTreeChildLookups=0, segmentStoreChildLookups=6003, skippedGetChildCalls=31800
[DEBUG-PATHTREE-TIMING] segmentStoreReadTime=3.52ms, pathTreeLookupTime=20.35ms, editorCallbackTime=5985.88ms
[DEBUG-PATHTREE-TIMING] SegmentStore I/O time: 3ms (this is the expensive part!)
[DEBUG-RESUME] Total diff time: 9991ms, time to resume path: 0ms, indexing time after resume: 9991ms
[DEBUG-TIMING] Lucene flush time: 48ms
[DEBUG-TIMING] NodeStore merge time: 4ms
[DEBUG-PATHTREE-FRONTIER] Serialized 17903 paths (frontier=17901, inProgress=2) vs 115461 total nodes (savings: 85%)
[DEBUG-PATHTREE] Serialize time: 24ms (format: SLIM), total: 115461, fullyProcessed: 21901, unprocessed: 2
[DEBUG-PATHTREE-SIZE] Full: ~5773050 bytes, SLIM: ~160 bytes (potential savings: 100%)
[DEBUG-PATHTREE] Saved PathTree to pathtree_chunk_1766324532581.json (total=115461, unprocessed=2)
[DEBUG-TIMING] Resume state save time: 42ms
[DEBUG-TIMING] CHUNK COMMIT SUMMARY: flush=48ms, merge=4ms, saveState=42ms, TOTAL=94ms
  Cycle #7 completed in 10432 ms (traversal: 10001 ms, nodes: 6004)
    checkpoint=r19b4123d95a-0-1, hasData=true, dataFiles=23
    → Resume state detected: /content/dam/asset-8108
    → Chunk limit reached - run completed and saved progress
    → Next run will resume from this position
    → Testing searchability after run completion...
CHUNK_RESULT: cycle=7, results=897, time=14, nodes=6004, traversed=6004, skipped=0, path=/content/dam/asset-8108
CHUNK_METRICS: cycle=7, nodes=6004, heap=940MB, nonHeap=94MB, gc=109, gcTime=1030ms, cpu=82937ms, segStore=0MB
[DEBUG-MODE] Indexing mode: RESUME, resumeEnabled=true, chunkSize=0, chunkTimeMs=10000, isInitialIndex=false, chunkedMode=true
[DEBUG-CHUNK] Chunk mode enabled - updateLimit=0, timeLimit=10000
[DEBUG-PATHTREE-FRONTIER] Loaded 17903 paths (frontier=17901, inProgress=2)
[DEBUG-PATHTREE] Load time: 9ms, format: SLIM, nodes: 133364, indexed: 53704, fullyProcessed: 17901, unprocessed: 2, estimated size: 160 bytes
[DEBUG-RESUME] Starting resume from path: /content/dam/asset-8108, PathTree has 53704 indexed nodes
[DEBUG-PATHTREE-TRAVERSAL] Using PathTree traversal mode
[DEBUG-PATHTREE-TRAVERSAL] PathTree stats: TraversalStats{total=17903, fullyProcessed=17901, notFullyProcessed=2, enterOnly=2}
[DEBUG-INDEX] Fully processed 18000 nodes, current path: /content/dam/asset-8137
[DEBUG-INDEX] Fully processed 19000 nodes, current path: /content/dam/asset-8438/jcr:content/metadata
[DEBUG-INDEX] Fully processed 20000 nodes, current path: /content/dam/asset-8738/jcr:content
[DEBUG-INDEX] Fully processed 21000 nodes, current path: /content/dam/asset-9037
[DEBUG-INDEX] Fully processed 22000 nodes, current path: /content/dam/asset-9338/jcr:content/metadata
[DEBUG-INDEX] Fully processed 23000 nodes, current path: /content/dam/asset-9638/jcr:content
[DEBUG-INDEX] Fully processed 24000 nodes, current path: /content/dam/asset-9938
[DEBUG-CHUNK] TIME limit reached: 10000ms at /content/dam/asset-9983
[DEBUG-TIMING] RESUME Diff time: 9990ms
[DEBUG-SKIP] skipFull=0, skipIndexed=2, processed=6250
[DEBUG-PATHTREE-TRAVERSAL] pathTreeTraversals=17900, segmentStoreTraversals=6250, pathTreeChildLookups=0, segmentStoreChildLookups=6249, skippedGetChildCalls=35800
[DEBUG-PATHTREE-TIMING] segmentStoreReadTime=2.85ms, pathTreeLookupTime=20.82ms, editorCallbackTime=6613.14ms
[DEBUG-PATHTREE-TIMING] SegmentStore I/O time: 2ms (this is the expensive part!)
[DEBUG-RESUME] Total diff time: 9990ms, time to resume path: 0ms, indexing time after resume: 9990ms
[DEBUG-TIMING] Lucene flush time: 58ms
[DEBUG-TIMING] NodeStore merge time: 5ms
[DEBUG-PATHTREE-FRONTIER] Serialized 19985 paths (frontier=19983, inProgress=2) vs 139610 total nodes (savings: 86%)
[DEBUG-PATHTREE] Serialize time: 30ms (format: SLIM), total: 139610, fullyProcessed: 24147, unprocessed: 2
[DEBUG-PATHTREE-SIZE] Full: ~6980500 bytes, SLIM: ~160 bytes (potential savings: 100%)
[DEBUG-PATHTREE] Saved PathTree to pathtree_chunk_1766324543260.json (total=139610, unprocessed=2)
[DEBUG-TIMING] Resume state save time: 50ms
[DEBUG-TIMING] CHUNK COMMIT SUMMARY: flush=58ms, merge=5ms, saveState=50ms, TOTAL=113ms
  Cycle #8 completed in 10450 ms (traversal: 10001 ms, nodes: 6250)
    checkpoint=r19b4123d95a-0-1, hasData=true, dataFiles=26
    → Resume state detected: /content/dam/asset-9983
    → Chunk limit reached - run completed and saved progress
    → Next run will resume from this position
    → Testing searchability after run completion...
CHUNK_RESULT: cycle=8, results=1000, time=25, nodes=6250, traversed=6250, skipped=0, path=/content/dam/asset-9983
CHUNK_METRICS: cycle=8, nodes=6250, heap=380MB, nonHeap=96MB, gc=129, gcTime=1233ms, cpu=91572ms, segStore=0MB
[DEBUG-MODE] Indexing mode: RESUME, resumeEnabled=true, chunkSize=0, chunkTimeMs=10000, isInitialIndex=false, chunkedMode=true
[DEBUG-CHUNK] Chunk mode enabled - updateLimit=0, timeLimit=10000
[DEBUG-PATHTREE-FRONTIER] Loaded 19985 paths (frontier=19983, inProgress=2)
[DEBUG-PATHTREE] Load time: 7ms, format: SLIM, nodes: 159595, indexed: 59950, fullyProcessed: 19983, unprocessed: 2, estimated size: 160 bytes
[DEBUG-RESUME] Starting resume from path: /content/dam/asset-9983, PathTree has 59950 indexed nodes
[DEBUG-PATHTREE-TRAVERSAL] Using PathTree traversal mode
[DEBUG-PATHTREE-TRAVERSAL] PathTree stats: TraversalStats{total=19985, fullyProcessed=19983, notFullyProcessed=2, enterOnly=2}
[DEBUG-INDEX] Fully processed 20000 nodes, current path: /content/dam/asset-9988/jcr:content
[DEBUG-TIMING] RESUME Diff time: 306ms
[DEBUG-SKIP] skipFull=0, skipIndexed=2, processed=342
[DEBUG-PATHTREE-TRAVERSAL] pathTreeTraversals=19983, segmentStoreTraversals=342, pathTreeChildLookups=0, segmentStoreChildLookups=342, skippedGetChildCalls=39966
[DEBUG-PATHTREE-TIMING] segmentStoreReadTime=0.35ms, pathTreeLookupTime=6.46ms, editorCallbackTime=197.78ms
[DEBUG-PATHTREE-TIMING] SegmentStore I/O time: 0ms (this is the expensive part!)
[DEBUG-RESUME] Total diff time: 306ms, time to resume path: 0ms, indexing time after resume: 306ms
[DEBUG-MODE] Indexing complete, mode: RESUME
[DEBUG-TIMING] RESUME Lucene flush time: 0ms
[DEBUG-TIMING] RESUME NodeStore merge time: 13ms
[DEBUG-TIMING] RESUME COMMIT SUMMARY: flush=0ms, merge=13ms, TOTAL=13ms
  Cycle #9 completed in 662 ms (traversal: 317 ms, nodes: 342)
    checkpoint=r19b41245400-0-1, hasData=true, dataFiles=29
  → No resume state - indexing complete!


Indexing complete:
  Total time: 86070 ms
  Total cycles: 9

  Per-Cycle Timing Breakdown:
    Cycle | Total(ms) |  Trav(ms) |    OH(ms) | Resume(ms) | ResOH(ms) | Path                                    
    ------|-----------|-----------|-----------|-----------|-----------|------------------------------------------
    1     |     10553 |     10007 |       546 |          - |     10003 | /content/dam/asset-13417                
    2     |     10414 |     10002 |       412 |          - |      9994 | /content/dam/asset-16317/jcr:content    
    3     |     10387 |     10002 |       385 |          - |      9997 | /content/dam/asset-1858/jcr:content/m...
    4     |     10355 |     10004 |       351 |          - |      9998 | /content/dam/asset-2480                 
    5     |     10388 |     10001 |       387 |          - |      9994 | /content/dam/asset-4443/jcr:content/m...
    6     |     10518 |     10152 |       366 |          - |     10144 | /content/dam/asset-6308                 
    7     |     10432 |     10001 |       431 |          - |      9991 | /content/dam/asset-8108                 
    8     |     10450 |     10001 |       449 |          - |      9990 | /content/dam/asset-9983                 
    9     |       662 |       317 |       345 |          - |       306 | N/A                                     
    ------|-----------|-----------|-----------|-----------|-----------|------------------------------------------
    TOTAL |     84159 |     80487 |      3672 |         0 |      4.4% | Overhead %

  Timing Breakdown Explanation:
    Total(ms)    - Wall clock time for each run
    Trav(ms)     - Diff traversal time (tree walk + ALL editors including ResumingEditor)
    OH(ms)       - Overhead beyond traversal (checkpointing, index writes, etc.)
    Resume(ms)   - Time ResumingEditor took to REACH resume point (0 if not resuming)
    ResOH(ms)    - ResumingEditor overhead after reaching target (0 if not resuming)
    Path         - Resume path or progress commit path

  ===========================================
  DETAILED METRICS ANALYSIS
  ===========================================

  GC Analysis:
    Total GC Time: 1095 ms
    Total GC Count: 117 collections
    GC Overhead: 1.27% of total time
    Average GC Pause: 9.4 ms

  Memory Analysis:
    Memory Delta: 1531 MB (peak - start)
    Start Heap: 91 MB
    Peak Heap: 1623 MB
    End Heap: 842 MB
    Memory Efficiency: 80285.6 bytes/node
    Max Heap Available: 1024 MB

  Memory Pools:
    G1 Eden Space       :    12 MB /     0 MB
    G1 Old Gen          :   805 MB /  1024 MB
    G1 Survivor Space   :    24 MB /     0 MB

  CPU Analysis:
    Total CPU Time: 69.61 s
    CPU Utilization: 80.9% of wall time
    CPU Efficiency: 287 nodes/cpu-second
    Peak Threads: 19

  Disk Analysis:
    SegmentStore Size: 0 MB
    Lucene Index Size: 0 MB
    Total Disk Usage: 0 MB

  Per-Chunk Metrics Summary:
    Heap Growth: 548 MB → 380 MB
    SegmentStore Growth: 0 MB → 0 MB
    Average GC per chunk: 70.3 collections

  DEBUG Index State:
    Exists: true
    Has :data: true
    async: async
    reindex: false
    reindexCount: 1
    Content/dam children: 9223372036854775807
    :async exists: true
    :async checkpoint: r19b41245400-0-1

--- Phase 4: Verification ---
  Index has :data: true
  Running query verification (with traversal fail)...
    Actual count from index: 1000
    Query result count (capped at 1000): 1000

--- Data Completeness Verification ---
  Using keyset pagination with CONTAINS queries to count indexed nodes...
  Note: CONTAINS queries use fulltext index and avoid traversal limits

  [1/3] Counting approved nodes...
  Using keyset pagination (10K page size) to count all nodes...
  Pagination complete: 1000 total nodes found

  [2/3] Counting draft nodes...
  Using keyset pagination (10K page size) to count all nodes...
    Page complete: 10000 nodes so far, continuing from /content/dam/asset-19472...
  Pagination complete: 19000 total nodes found

  [3/3] Verifying arithmetic...

✅ Data Completeness Verification PASSED:
  ✓ All 20000 nodes were indexed (verified via approved + draft counts)
  ✓ Approved nodes: 1000 (expected: 1000)
  ✓ Draft nodes: 19000 (expected: 19000)
  ✓ Total indexed: 20000 nodes
  ✓ Arithmetic check: 1000 + 19000 = 20000
  ✓ Index is complete and searchable
  ✓ Used CONTAINS queries to ensure fulltext index usage (avoids traversal limits)

--- Performance Results ---
Total Time: 86070 ms
Content Creation: 30683 ms
Throughput: 232.37 nodes/sec
Memory Delta: 769062 KB
Max Heap Used: 1674 MB
Max Non-Heap Used: 98 MB
Peak Threads: 19
Process CPU Time: 69614522000 ms
Direct Buffer Memory: 8 KB
Disk Usage: 0 KB
Main Index Size: 0 KB
GC Count: 117
GC Time: 1095 ms
Run Count: 9
Diff Time: 317 ms
Query Time: 55 ms
Node Count: 20000
Query Approved (index): 1000

=== PER-RUN TIMING (machine-parseable) ===
Run 1 Time: 10553
Run 1 Traversal: 10007
Run 1 Resume Path: /content/dam/asset-13417
Run 2 Time: 10414
Run 2 Traversal: 10002
Run 2 Resume Path: /content/dam/asset-16317/jcr:content
Run 3 Time: 10387
Run 3 Traversal: 10002
Run 3 Resume Path: /content/dam/asset-1858/jcr:content/metadata
Run 4 Time: 10355
Run 4 Traversal: 10004
Run 4 Resume Path: /content/dam/asset-2480
Run 5 Time: 10388
Run 5 Traversal: 10001
Run 5 Resume Path: /content/dam/asset-4443/jcr:content/metadata
Run 6 Time: 10518
Run 6 Traversal: 10152
Run 6 Resume Path: /content/dam/asset-6308
Run 7 Time: 10432
Run 7 Traversal: 10001
Run 7 Resume Path: /content/dam/asset-8108
Run 8 Time: 10450
Run 8 Traversal: 10001
Run 8 Resume Path: /content/dam/asset-9983
Run 9 Time: 662
Run 9 Traversal: 317

=== INCREMENTAL SEARCHABILITY (machine-parseable) ===
Chunk 1 Query Results: 192
Chunk 1 Query Time: 67
Chunk 2 Query Results: 353
Chunk 2 Query Time: 12
Chunk 3 Query Results: 478
Chunk 3 Query Time: 10
Chunk 4 Query Results: 584
Chunk 4 Query Time: 6
Chunk 5 Query Results: 694
Chunk 5 Query Time: 30
Chunk 6 Query Results: 797
Chunk 6 Query Time: 20
Chunk 7 Query Results: 897
Chunk 7 Query Time: 14
Chunk 8 Query Results: 1000
Chunk 8 Query Time: 25


--- Script Parseable Output ---
Total Time: 86070 ms
Throughput: 232.4
Memory Delta: 769062 KB
Max Heap Used: 1674 MB
Max Non-Heap Used: 98 MB
Peak Threads: 19
Process CPU Time: 69614522000 ms
Direct Buffer Memory: 8 KB
Disk Usage: 0 KB
GC Count: 117
GC Time: 1095 ms
Run Count: 9
Diff Time: 317 ms
Main Index Size: 0 KB
Query Time: 55 ms
Query Approved: 1000

--- Per-Run Timing Details ---
Run 1 Time: 10553 ms
Run 2 Time: 10414 ms
Run 3 Time: 10387 ms
Run 4 Time: 10355 ms
Run 5 Time: 10388 ms
Run 6 Time: 10518 ms
Run 7 Time: 10432 ms
Run 8 Time: 10450 ms
Run 9 Time: 662 ms
Run 1 Traversal: 10007 ms
Run 2 Traversal: 10002 ms
Run 3 Traversal: 10002 ms
Run 4 Traversal: 10004 ms
Run 5 Traversal: 10001 ms
Run 6 Traversal: 10152 ms
Run 7 Traversal: 10001 ms
Run 8 Traversal: 10001 ms
Run 9 Traversal: 317 ms
Run 1 Resume Path: /content/dam/asset-13417
Run 2 Resume Path: /content/dam/asset-16317/jcr:content
Run 3 Resume Path: /content/dam/asset-1858/jcr:content/metadata
Run 4 Resume Path: /content/dam/asset-2480
Run 5 Resume Path: /content/dam/asset-4443/jcr:content/metadata
Run 6 Resume Path: /content/dam/asset-6308
Run 7 Resume Path: /content/dam/asset-8108
Run 8 Resume Path: /content/dam/asset-9983

--- Incremental Searchability Verification ---
INCREMENTAL_SUMMARY: maxResults=1000, totalChunks=8, chunksWithResults=8
Chunk 1: 192 results (19.2% of total) in 67 ms
Chunk 2: 353 results (35.3% of total) in 12 ms
Chunk 3: 478 results (47.8% of total) in 10 ms
Chunk 4: 584 results (58.4% of total) in 6 ms
Chunk 5: 694 results (69.4% of total) in 30 ms
Chunk 6: 797 results (79.7% of total) in 20 ms
Chunk 7: 897 results (89.7% of total) in 14 ms
Chunk 8: 1000 results (100.0% of total) in 25 ms

Max results seen in incremental queries: 1000
✓ SUCCESS: Index showed incremental searchability!

Time: 123.024

OK (1 test)

